Archive member included because of file (symbol)

c:/program files (x86)/gnu tools arm embedded/4.8 2014q2/bin/../lib/gcc/arm-none-eabi/4.8.4/../../../../arm-none-eabi/lib/armv7e-m/fpu\libm.a(lib_a-s_round.o)
                              ..\obj\dw1000_driver.o (round)
c:/program files (x86)/gnu tools arm embedded/4.8 2014q2/bin/../lib/gcc/arm-none-eabi/4.8.4/../../../../arm-none-eabi/lib/armv7e-m/fpu\libm.a(lib_a-w_log10.o)
                              ..\obj\dw1000_driver.o (log10)
c:/program files (x86)/gnu tools arm embedded/4.8 2014q2/bin/../lib/gcc/arm-none-eabi/4.8.4/../../../../arm-none-eabi/lib/armv7e-m/fpu\libm.a(lib_a-w_pow.o)
                              ..\obj\dw1000_driver.o (pow)
c:/program files (x86)/gnu tools arm embedded/4.8 2014q2/bin/../lib/gcc/arm-none-eabi/4.8.4/../../../../arm-none-eabi/lib/armv7e-m/fpu\libm.a(lib_a-w_sqrt.o)
                              ..\obj\mpu9250_math.o (sqrt)
c:/program files (x86)/gnu tools arm embedded/4.8 2014q2/bin/../lib/gcc/arm-none-eabi/4.8.4/../../../../arm-none-eabi/lib/armv7e-m/fpu\libm.a(lib_a-e_log10.o)
                              c:/program files (x86)/gnu tools arm embedded/4.8 2014q2/bin/../lib/gcc/arm-none-eabi/4.8.4/../../../../arm-none-eabi/lib/armv7e-m/fpu\libm.a(lib_a-w_log10.o) (__ieee754_log10)
c:/program files (x86)/gnu tools arm embedded/4.8 2014q2/bin/../lib/gcc/arm-none-eabi/4.8.4/../../../../arm-none-eabi/lib/armv7e-m/fpu\libm.a(lib_a-e_pow.o)
                              c:/program files (x86)/gnu tools arm embedded/4.8 2014q2/bin/../lib/gcc/arm-none-eabi/4.8.4/../../../../arm-none-eabi/lib/armv7e-m/fpu\libm.a(lib_a-w_pow.o) (__ieee754_pow)
c:/program files (x86)/gnu tools arm embedded/4.8 2014q2/bin/../lib/gcc/arm-none-eabi/4.8.4/../../../../arm-none-eabi/lib/armv7e-m/fpu\libm.a(lib_a-e_sqrt.o)
                              c:/program files (x86)/gnu tools arm embedded/4.8 2014q2/bin/../lib/gcc/arm-none-eabi/4.8.4/../../../../arm-none-eabi/lib/armv7e-m/fpu\libm.a(lib_a-w_sqrt.o) (__ieee754_sqrt)
c:/program files (x86)/gnu tools arm embedded/4.8 2014q2/bin/../lib/gcc/arm-none-eabi/4.8.4/../../../../arm-none-eabi/lib/armv7e-m/fpu\libm.a(lib_a-s_fabs.o)
                              c:/program files (x86)/gnu tools arm embedded/4.8 2014q2/bin/../lib/gcc/arm-none-eabi/4.8.4/../../../../arm-none-eabi/lib/armv7e-m/fpu\libm.a(lib_a-e_pow.o) (fabs)
c:/program files (x86)/gnu tools arm embedded/4.8 2014q2/bin/../lib/gcc/arm-none-eabi/4.8.4/../../../../arm-none-eabi/lib/armv7e-m/fpu\libm.a(lib_a-s_finite.o)
                              c:/program files (x86)/gnu tools arm embedded/4.8 2014q2/bin/../lib/gcc/arm-none-eabi/4.8.4/../../../../arm-none-eabi/lib/armv7e-m/fpu\libm.a(lib_a-w_pow.o) (finite)
c:/program files (x86)/gnu tools arm embedded/4.8 2014q2/bin/../lib/gcc/arm-none-eabi/4.8.4/../../../../arm-none-eabi/lib/armv7e-m/fpu\libm.a(lib_a-s_fpclassify.o)
                              c:/program files (x86)/gnu tools arm embedded/4.8 2014q2/bin/../lib/gcc/arm-none-eabi/4.8.4/../../../../arm-none-eabi/lib/armv7e-m/fpu\libm.a(lib_a-w_log10.o) (__fpclassifyd)
c:/program files (x86)/gnu tools arm embedded/4.8 2014q2/bin/../lib/gcc/arm-none-eabi/4.8.4/../../../../arm-none-eabi/lib/armv7e-m/fpu\libm.a(lib_a-s_lib_ver.o)
                              c:/program files (x86)/gnu tools arm embedded/4.8 2014q2/bin/../lib/gcc/arm-none-eabi/4.8.4/../../../../arm-none-eabi/lib/armv7e-m/fpu\libm.a(lib_a-w_log10.o) (__fdlib_version)
c:/program files (x86)/gnu tools arm embedded/4.8 2014q2/bin/../lib/gcc/arm-none-eabi/4.8.4/../../../../arm-none-eabi/lib/armv7e-m/fpu\libm.a(lib_a-s_matherr.o)
                              c:/program files (x86)/gnu tools arm embedded/4.8 2014q2/bin/../lib/gcc/arm-none-eabi/4.8.4/../../../../arm-none-eabi/lib/armv7e-m/fpu\libm.a(lib_a-w_log10.o) (matherr)
c:/program files (x86)/gnu tools arm embedded/4.8 2014q2/bin/../lib/gcc/arm-none-eabi/4.8.4/../../../../arm-none-eabi/lib/armv7e-m/fpu\libm.a(lib_a-s_nan.o)
                              c:/program files (x86)/gnu tools arm embedded/4.8 2014q2/bin/../lib/gcc/arm-none-eabi/4.8.4/../../../../arm-none-eabi/lib/armv7e-m/fpu\libm.a(lib_a-w_log10.o) (nan)
c:/program files (x86)/gnu tools arm embedded/4.8 2014q2/bin/../lib/gcc/arm-none-eabi/4.8.4/../../../../arm-none-eabi/lib/armv7e-m/fpu\libm.a(lib_a-s_rint.o)
                              c:/program files (x86)/gnu tools arm embedded/4.8 2014q2/bin/../lib/gcc/arm-none-eabi/4.8.4/../../../../arm-none-eabi/lib/armv7e-m/fpu\libm.a(lib_a-w_pow.o) (rint)
c:/program files (x86)/gnu tools arm embedded/4.8 2014q2/bin/../lib/gcc/arm-none-eabi/4.8.4/../../../../arm-none-eabi/lib/armv7e-m/fpu\libm.a(lib_a-s_scalbn.o)
                              c:/program files (x86)/gnu tools arm embedded/4.8 2014q2/bin/../lib/gcc/arm-none-eabi/4.8.4/../../../../arm-none-eabi/lib/armv7e-m/fpu\libm.a(lib_a-e_pow.o) (scalbn)
[...]
Memory Configuration

Name             Origin             Length             Attributes
rom              0x08000000         0x00100000         xr
ram              0x20000000         0x00020000         xrw
ram1             0x10000000         0x00010000         xrw
*default*        0x00000000         0xffffffff

Linker script and memory map

                0x20020000                _eram = 0x20020000

.text           0x08000000    0x1df3c
 *(.isr_vector)
 .isr_vector    0x08000000      0x188 ..\obj\startup_stm32f4xx.o
                0x08000000                g_pfnVectors
 *(.text*)
 .text._sl_BuildAddress
                0x08000188       0x50 ..\obj\socket.o
                0x08000188                _sl_BuildAddress
 .text._sl_TruncatePayloadByProtocol
                0x080001d8       0x40 ..\obj\socket.o
                0x080001d8                _sl_TruncatePayloadByProtocol
 .text.sl_Close
                0x08000218       0x3c ..\obj\socket.o
                0x08000218                sl_Close
 .text.sl_SendTo
                0x08000254      0x114 ..\obj\socket.o
                0x08000254                sl_SendTo
 .text.sl_RecvFrom
                0x08000368      0x10c ..\obj\socket.o
                0x08000368                sl_RecvFrom
 .text._sl_HandleAsync_Connect
                0x08000474       0x94 ..\obj\socket.o
                0x08000474                _sl_HandleAsync_Connect
 .text.sl_Send  0x08000508      0x104 ..\obj\socket.o
                0x08000508                sl_Send
 .text._sl_HandleAsync_Accept
                0x0800060c       0x78 ..\obj\socket.o
                0x0800060c                _sl_HandleAsync_Accept
 .text._sl_HandleAsync_Select
                0x08000684       0x68 ..\obj\socket.o
                0x08000684                _sl_HandleAsync_Select
 .text.sl_Recv  0x080006ec       0x78 ..\obj\socket.o
                0x080006ec                sl_Recv
 .text.sl_Select
                0x08000764      0x144 ..\obj\socket.o
                0x08000764                sl_Select
 .text.SL_FD_SET
                0x080008a8       0x2c ..\obj\socket.o
                0x080008a8                SL_FD_SET
 .text.SL_FD_ISSET
                0x080008d4       0x38 ..\obj\socket.o
                0x080008d4                SL_FD_ISSET
 .text.SL_FD_ZERO
                0x0800090c       0x18 ..\obj\socket.o
                0x0800090c                SL_FD_ZERO
 .text.dw1000_readUInt32
                0x08000924       0x2c ..\obj\dw1000_io.o
                0x08000924                dw1000_readUInt32
 .text.dw1000_readUInt16
                0x08000950       0x2c ..\obj\dw1000_io.o
                0x08000950                dw1000_readUInt16
 .text.dw1000_readUInt8
                0x0800097c       0x30 ..\obj\dw1000_io.o
                0x0800097c                dw1000_readUInt8
 .text.dw1000_writeUInt32
                0x080009ac       0x24 ..\obj\dw1000_io.o
                0x080009ac                dw1000_writeUInt32
 .text.dw1000_writeUInt16
                0x080009d0       0x28 ..\obj\dw1000_io.o
                0x080009d0                dw1000_writeUInt16
 .text.dw1000_writeUInt8
                0x080009f8       0x28 ..\obj\dw1000_io.o
                0x080009f8                dw1000_writeUInt8
 .text.dw1000_readOTPUInt8
                0x08000a20       0x40 ..\obj\dw1000_io.o
                0x08000a20                dw1000_readOTPUInt8
 .text.dw1000_read
                0x08000a60       0xcc ..\obj\dw1000_io.o
                0x08000a60                dw1000_read
 .text.dw1000_write
                0x08000b2c       0xa8 ..\obj\dw1000_io.o
                0x08000b2c                dw1000_write
 .text.dw1000_writeTwoBuffers
                0x08000bd4       0x80 ..\obj\dw1000_io.o
                0x08000bd4                dw1000_writeTwoBuffers
 .text.dw1000_writeByteArrayToTxBuffer
                0x08000c54       0xac ..\obj\dw1000_io.o
                0x08000c54                dw1000_writeByteArrayToTxBuffer
 .text.dw1000_writeByteArrayAndHeaderToTxBuffer
                0x08000d00       0xa0 ..\obj\dw1000_io.o
                0x08000d00                dw1000_writeByteArrayAndHeaderToTxBuffer
 .text.dw1000_getRxTxBufferLen
                0x08000da0       0x68 ..\obj\dw1000_io.o
                0x08000da0                dw1000_getRxTxBufferLen
 .text.SYSCFG_EXTILineConfig
                0x08000e08       0x7c ..\obj\stm32f4xx_syscfg.o
                0x08000e08                SYSCFG_EXTILineConfig
 .text.init_I2C2
                0x08000e84       0xcc ..\obj\i2c.o
                0x08000e84                init_I2C2
 .text.I2C_start
                0x08000f50      0x104 ..\obj\i2c.o
                0x08000f50                I2C_start
 .text.I2C_stop
                0x08001054       0x18 ..\obj\i2c.o
                0x08001054                I2C_stop
 .text.I2C_write
                0x0800106c       0x58 ..\obj\i2c.o
                0x0800106c                I2C_write
 .text.I2C_read_ack
                0x080010c4       0x5c ..\obj\i2c.o
                0x080010c4                I2C_read_ack
 .text.I2C_read_nack
                0x08001120       0x5c ..\obj\i2c.o
                0x08001120                I2C_read_nack
 .text.I2C_restart
                0x0800117c       0xe8 ..\obj\i2c.o
                0x0800117c                I2C_restart
 .text.I2C_timeout
                0x08001264       0x24 ..\obj\i2c.o
                0x08001264                I2C_timeout
 .text._sl_HandleAsync_DnsGetHostByService
                0x08001288       0xd4 ..\obj\netapp.o
                0x08001288                _sl_HandleAsync_DnsGetHostByService
 .text._sl_HandleAsync_DnsGetHostByName
                0x0800135c       0xb4 ..\obj\netapp.o
                0x0800135c                _sl_HandleAsync_DnsGetHostByName
 .text.CopyPingResultsToReport
                0x08001410       0x44 ..\obj\netapp.o
                0x08001410                CopyPingResultsToReport
 .text._sl_HandleAsync_PingResponse
                0x08001454       0xb0 ..\obj\netapp.o
                0x08001454                _sl_HandleAsync_PingResponse
 .text._sl_NetAppSendTokenValue
                0x08001504       0x7c ..\obj\netapp.o
                0x08001504                _sl_NetAppSendTokenValue
 .text._SlDrvNetAppEventHandler
                0x08001580      0x128 ..\obj\netapp.o
                0x08001580                _SlDrvNetAppEventHandler
 .text.OsSchedUnlock
                0x080016a8       0x4c ..\obj\core.o
                0x080016a8                OsSchedUnlock
 .text.MQTT_SysTickHandler
                0x080016f4       0x1c ..\obj\MQTT.o
                0x080016f4                MQTT_SysTickHandler
 .text.NMI_Handler
                0x08001710        0x8 ..\obj\interrupts.o
                0x08001710                NMI_Handler
 .text.HardFault_Handler
                0x08001718       0x20 ..\obj\interrupts.o
                0x08001718                HardFault_Handler
 .text.MemManage_Handler
                0x08001738        0x8 ..\obj\interrupts.o
                0x08001738                MemManage_Handler
 .text.BusFault_Handler
                0x08001740        0x8 ..\obj\interrupts.o
                0x08001740                BusFault_Handler
 .text.UsageFault_Handler
                0x08001748        0x8 ..\obj\interrupts.o
                0x08001748                UsageFault_Handler
 .text.SVC_Handler
                0x08001750        0x8 ..\obj\interrupts.o
                0x08001750                SVC_Handler
 .text.DebugMon_Handler
                0x08001758        0x8 ..\obj\interrupts.o
                0x08001758                DebugMon_Handler
 .text.SysTick_Handler
                0x08001760       0xd4 ..\obj\interrupts.o
                0x08001760                SysTick_Handler
 .text.WWDG_IRQHandler
                0x08001834       0x30 ..\obj\interrupts.o
                0x08001834                WWDG_IRQHandler
 .text.EXTI0_IRQHandler
                0x08001864       0x24 ..\obj\interrupts.o
                0x08001864                EXTI0_IRQHandler
 .text.EXTI1_IRQHandler
                0x08001888       0x24 ..\obj\interrupts.o
                0x08001888                EXTI1_IRQHandler
 .text.EXTI2_IRQHandler
                0x080018ac       0x20 ..\obj\interrupts.o
                0x080018ac                EXTI2_IRQHandler
 .text.EXTI3_IRQHandler
                0x080018cc       0x20 ..\obj\interrupts.o
                0x080018cc                EXTI3_IRQHandler
 .text.EXTI4_IRQHandler
                0x080018ec       0x20 ..\obj\interrupts.o
                0x080018ec                EXTI4_IRQHandler
 .text.EXTI9_5_IRQHandler
                0x0800190c       0x94 ..\obj\interrupts.o
                0x0800190c                EXTI9_5_IRQHandler
 .text.EXTI15_10_IRQHandler
                0x080019a0       0xbc ..\obj\interrupts.o
                0x080019a0                EXTI15_10_IRQHandler
 .text.RTC_Alarm_IRQHandler
                0x08001a5c       0x9c ..\obj\interrupts.o
                0x08001a5c                RTC_Alarm_IRQHandler
 .text.ADC_IRQHandler
                0x08001af8       0x40 ..\obj\interrupts.o
                0x08001af8                ADC_IRQHandler
 .text.USART2_IRQHandler
                0x08001b38        0xc ..\obj\interrupts.o
                0x08001b38                USART2_IRQHandler
 .text.UART5_IRQHandler
                0x08001b44       0x30 ..\obj\interrupts.o
                0x08001b44                UART5_IRQHandler
 .text.USART6_IRQHandler
                0x08001b74        0xc ..\obj\interrupts.o
                0x08001b74                USART6_IRQHandler
 .text.DMA2_Stream6_IRQHandler
                0x08001b80        0xc ..\obj\interrupts.o
                0x08001b80                DMA2_Stream6_IRQHandler
 .text.RTC_WKUP_IRQHandler
                0x08001b8c       0x24 ..\obj\interrupts.o
                0x08001b8c                RTC_WKUP_IRQHandler
 .text.TIM5_IRQHandler
                0x08001bb0       0x24 ..\obj\interrupts.o
                0x08001bb0                TIM5_IRQHandler
 .text.TIM7_IRQHandler
                0x08001bd4        0xc ..\obj\interrupts.o
                0x08001bd4                TIM7_IRQHandler
 .text.DMA2_Stream2_IRQHandler
                0x08001be0       0x24 ..\obj\interrupts.o
                0x08001be0                DMA2_Stream2_IRQHandler
 .text.DMA2_Stream3_IRQHandler
                0x08001c04       0x24 ..\obj\interrupts.o
                0x08001c04                DMA2_Stream3_IRQHandler
 .text.TIM6_DAC_IRQHandler
                0x08001c28       0x24 ..\obj\interrupts.o
                0x08001c28                TIM6_DAC_IRQHandler
 .text.hard_fault_handler_c
                0x08001c4c      0x294 ..\obj\interrupts.o
                0x08001c4c                hard_fault_handler_c
 .text.InsertTmrList
                0x08001ee0      0x1d0 ..\obj\timer.o
 .text.RemoveTmrList
                0x080020b0       0xd4 ..\obj\timer.o
 .text.TmrDispose
                0x08002184       0x78 ..\obj\timer.o
                0x08002184                TmrDispose
 .text.isr_TmrDispose
                0x080021fc       0x30 ..\obj\timer.o
                0x080021fc                isr_TmrDispose
 .text._SlDrvProtectAsyncRespSetting
                0x0800222c       0x54 ..\obj\driver.o
                0x0800222c                _SlDrvProtectAsyncRespSetting
 .text._SlDrvDriverCBInit
                0x08002280      0x1b4 ..\obj\driver.o
                0x08002280                _SlDrvDriverCBInit
 .text._SlDrvDriverCBDeinit
                0x08002434      0x118 ..\obj\driver.o
                0x08002434                _SlDrvDriverCBDeinit
 .text._SlDrvRxIrqHandler
                0x0800254c       0x60 ..\obj\driver.o
                0x0800254c                _SlDrvRxIrqHandler
 .text._SlDrvCmdOp
                0x080025ac       0x88 ..\obj\driver.o
                0x080025ac                _SlDrvCmdOp
 .text._SlDrvDataReadOp
                0x08002634      0x148 ..\obj\driver.o
                0x08002634                _SlDrvDataReadOp
 .text._SlDrvDataWriteOp
                0x0800277c      0x134 ..\obj\driver.o
                0x0800277c                _SlDrvDataWriteOp
 .text._SlDrvMsgWrite
                0x080028b0      0x218 ..\obj\driver.o
                0x080028b0                _SlDrvMsgWrite
 .text._SlDrvMsgRead
                0x08002ac8      0x6d0 ..\obj\driver.o
                0x08002ac8                _SlDrvMsgRead
 .text._SlAsyncEventGenericHandler
                0x08003198       0xa8 ..\obj\driver.o
                0x08003198                _SlAsyncEventGenericHandler
 .text._SlDrvMsgReadCmdCtx
                0x08003240       0xe0 ..\obj\driver.o
                0x08003240                _SlDrvMsgReadCmdCtx
 .text._SlDrvMsgReadSpawnCtx
                0x08003320       0xb0 ..\obj\driver.o
                0x08003320                _SlDrvMsgReadSpawnCtx
 .text._SlDrvClassifyRxMsg
                0x080033d0       0xc8 ..\obj\driver.o
                0x080033d0                _SlDrvClassifyRxMsg
 .text._SlDrvRxHdrRead
                0x08003498      0x298 ..\obj\driver.o
                0x08003498                _SlDrvRxHdrRead
 .text._SlDrvCmdSend
                0x08003730       0x78 ..\obj\driver.o
                0x08003730                _SlDrvCmdSend
 .text._SlDrvWaitForPoolObj
                0x080037a8      0x1a4 ..\obj\driver.o
                0x080037a8                _SlDrvWaitForPoolObj
 .text._SlDrvReleasePoolObj
                0x0800394c      0x204 ..\obj\driver.o
                0x0800394c                _SlDrvReleasePoolObj
 .text._SlRemoveFromList
                0x08003b50       0xcc ..\obj\driver.o
                0x08003b50                _SlRemoveFromList
 .text._SlFindAndSetActiveObj
                0x08003c1c      0x16c ..\obj\driver.o
                0x08003c1c                _SlFindAndSetActiveObj
 .text._SlDrvSyncObjWaitForever
                0x08003d88       0x28 ..\obj\driver.o
                0x08003d88                _SlDrvSyncObjWaitForever
 .text._SlDrvSyncObjSignal
                0x08003db0       0x24 ..\obj\driver.o
                0x08003db0                _SlDrvSyncObjSignal
 .text._SlDrvObjLockWaitForever
                0x08003dd4       0x28 ..\obj\driver.o
                0x08003dd4                _SlDrvObjLockWaitForever
 .text._SlDrvProtectionObjLockWaitForever
                0x08003dfc       0x34 ..\obj\driver.o
                0x08003dfc                _SlDrvProtectionObjLockWaitForever
 .text._SlDrvObjUnLock
                0x08003e30       0x24 ..\obj\driver.o
                0x08003e30                _SlDrvObjUnLock
 .text._SlDrvProtectionObjUnLock
                0x08003e54       0x30 ..\obj\driver.o
                0x08003e54                _SlDrvProtectionObjUnLock
 .text._SlDrvMemZero
                0x08003e84       0x20 ..\obj\driver.o
                0x08003e84                _SlDrvMemZero
 .text._SlDrvResetCmdExt
                0x08003ea4       0x18 ..\obj\driver.o
                0x08003ea4                _SlDrvResetCmdExt
 .text.USART_Init
                0x08003ebc      0x174 ..\obj\stm32f4xx_usart.o
                0x08003ebc                USART_Init
 .text.USART_Cmd
                0x08004030       0x40 ..\obj\stm32f4xx_usart.o
                0x08004030                USART_Cmd
 .text.USART_SendData
                0x08004070       0x24 ..\obj\stm32f4xx_usart.o
                0x08004070                USART_SendData
 .text.USART_ReceiveData
                0x08004094       0x20 ..\obj\stm32f4xx_usart.o
                0x08004094                USART_ReceiveData
 .text.USART_DMACmd
                0x080040b4       0x48 ..\obj\stm32f4xx_usart.o
                0x080040b4                USART_DMACmd
 .text.USART_ITConfig
                0x080040fc       0x90 ..\obj\stm32f4xx_usart.o
                0x080040fc                USART_ITConfig
 .text.USART_GetFlagStatus
                0x0800418c       0x38 ..\obj\stm32f4xx_usart.o
                0x0800418c                USART_GetFlagStatus
 .text.USART_GetITStatus
                0x080041c4       0xb0 ..\obj\stm32f4xx_usart.o
                0x080041c4                USART_GetITStatus
 .text.PWR_BackupAccessCmd
                0x08004274       0x20 ..\obj\stm32f4xx_pwr.o
                0x08004274                PWR_BackupAccessCmd
 .text.PWR_GetFlagStatus
                0x08004294       0x34 ..\obj\stm32f4xx_pwr.o
                0x08004294                PWR_GetFlagStatus
 .text.start_RTC
                0x080042c8       0xcc ..\obj\rtc.o
                0x080042c8                start_RTC
 .text.init_RTC
                0x08004394      0x100 ..\obj\rtc.o
                0x08004394                init_RTC
 .text.dw1000_setClock
                0x08004494      0x20c ..\obj\dw1000_driver.o
                0x08004494                dw1000_setClock
 .text.dw1000_handleInterrupt
                0x080046a0      0x1bc ..\obj\dw1000_driver.o
                0x080046a0                dw1000_handleInterrupt
 .text.dw1000_idle
                0x0800485c       0xd0 ..\obj\dw1000_driver.o
                0x0800485c                dw1000_idle
 .text.dw1000_startReceive
                0x0800492c       0x7c ..\obj\dw1000_driver.o
                0x0800492c                dw1000_startReceive
 .text.dw1000_initializeTransmit
                0x080049a8       0x24 ..\obj\dw1000_driver.o
                0x080049a8                dw1000_initializeTransmit
 .text.dw1000_startTransmit
                0x080049cc      0x12c ..\obj\dw1000_driver.o
                0x080049cc                dw1000_startTransmit
 .text.dw1000_reset
                0x08004af8       0x38 ..\obj\dw1000_driver.o
                0x08004af8                dw1000_reset
 .text.dw1000_resetRx
                0x08004b30       0x40 ..\obj\dw1000_driver.o
                0x08004b30                dw1000_resetRx
 .text.dw1000_getTransmitTimestamp
                0x08004b70       0x9c ..\obj\dw1000_driver.o
                0x08004b70                dw1000_getTransmitTimestamp
 .text.dw1000_getReceiveTimestamp
                0x08004c0c       0x9c ..\obj\dw1000_driver.o
                0x08004c0c                dw1000_getReceiveTimestamp
 .text.dw1000_getReceivePower
                0x08004ca8      0x130 ..\obj\dw1000_driver.o
                0x08004ca8                dw1000_getReceivePower
 .text.dw1000_enableTemperatureAndVoltageMeasurement
                0x08004dd8       0x5c ..\obj\dw1000_driver.o
                0x08004dd8                dw1000_enableTemperatureAndVoltageMeasurement
 *fill*         0x08004e34        0x4 
 .text.dw1000_getTemperature
                0x08004e38       0xf8 ..\obj\dw1000_driver.o
                0x08004e38                dw1000_getTemperature
 .text.dw1000_wakefromsleep
                0x08004f30       0x84 ..\obj\dw1000_driver.o
                0x08004f30                dw1000_wakefromsleep
 .text.CC3100_closeSocket
                0x08004fb4       0xb0 ..\obj\CC3100.o
                0x08004fb4                CC3100_closeSocket
 .text.CC3100_select
                0x08005064      0x398 ..\obj\CC3100.o
                0x08005064                CC3100_select
 .text.CC3100_fw_check
                0x080053fc      0x1c8 ..\obj\CC3100.o
                0x080053fc                CC3100_fw_check
 .text.CC3100_fw_version
                0x080055c4      0x12c ..\obj\CC3100.o
                0x080055c4                CC3100_fw_version
 .text.CC3100_fw_update
                0x080056f0      0x1d0 ..\obj\CC3100.o
                0x080056f0                CC3100_fw_update
 .text.init_LED
                0x080058c0       0x48 ..\obj\led.o
                0x080058c0                init_LED
 .text.WWDG_DeInit
                0x08005908       0x1c ..\obj\stm32f4xx_wwdg.o
                0x08005908                WWDG_DeInit
 .text.WWDG_SetCounter
                0x08005924       0x24 ..\obj\stm32f4xx_wwdg.o
                0x08005924                WWDG_SetCounter
 .text.WWDG_ClearFlag
                0x08005948       0x18 ..\obj\stm32f4xx_wwdg.o
                0x08005948                WWDG_ClearFlag
 .text.dw1000_initialize
                0x08005960       0x88 ..\obj\dw1000_config.o
                0x08005960                dw1000_initialize
 .text.dw1000_newConfiguration
                0x080059e8       0xbc ..\obj\dw1000_config.o
                0x080059e8                dw1000_newConfiguration
 .text.dw1000_commitConfiguration
                0x08005aa4      0xda0 ..\obj\dw1000_config.o
                0x08005aa4                dw1000_commitConfiguration
 .text.dw1000_getDeviceId
                0x08006844       0x14 ..\obj\dw1000_config.o
                0x08006844                dw1000_getDeviceId
 .text.dw1000_setDoubleBuffering
                0x08006858       0x2c ..\obj\dw1000_config.o
                0x08006858                dw1000_setDoubleBuffering
 .text.dw1000_setReceiverAutoReenable
                0x08006884       0x2c ..\obj\dw1000_config.o
                0x08006884                dw1000_setReceiverAutoReenable
 .text.dw1000_setReceiveAfterTX
                0x080068b0       0x20 ..\obj\dw1000_config.o
                0x080068b0                dw1000_setReceiveAfterTX
 .text.dw1000_setDataRate
                0x080068d0       0x2c ..\obj\dw1000_config.o
                0x080068d0                dw1000_setDataRate
 .text.dw1000_setPulseFrequency
                0x080068fc       0x2c ..\obj\dw1000_config.o
                0x080068fc                dw1000_setPulseFrequency
 .text.dw1000_setChannel
                0x08006928       0x2c ..\obj\dw1000_config.o
                0x08006928                dw1000_setChannel
 .text.dw1000_setAntennaDelay
                0x08006954       0x64 ..\obj\dw1000_config.o
                0x08006954                dw1000_setAntennaDelay
 .text.dw1000_getTxPower
                0x080069b8       0xe4 ..\obj\dw1000_config.o
                0x080069b8                dw1000_getTxPower
 .text.dw1000_setTxPower
                0x08006a9c       0xc8 ..\obj\dw1000_config.o
                0x08006a9c                dw1000_setTxPower
 .text.dw1000_loadLDOCalibrationData
                0x08006b64       0x34 ..\obj\dw1000_config.o
                0x08006b64                dw1000_loadLDOCalibrationData
 .text.dw1000_loadXTalTrimming
                0x08006b98       0x50 ..\obj\dw1000_config.o
                0x08006b98                dw1000_loadXTalTrimming
 .text.dw1000_loadLeadingEdgeAlgorithm
                0x08006be8       0x28 ..\obj\dw1000_config.o
                0x08006be8                dw1000_loadLeadingEdgeAlgorithm
 .text._sl_Strlen
                0x08006c10       0x34 ..\obj\fs.o
                0x08006c10                _sl_Strlen
 .text._sl_GetCreateFsMode
                0x08006c44       0xb4 ..\obj\fs.o
                0x08006c44                _sl_GetCreateFsMode
 .text.sl_FsOpen
                0x08006cf8       0x8c ..\obj\fs.o
                0x08006cf8                sl_FsOpen
 .text.sl_FsClose
                0x08006d84       0xa0 ..\obj\fs.o
                0x08006d84                sl_FsClose
 .text.sl_FsWrite
                0x08006e24       0xe0 ..\obj\fs.o
                0x08006e24                sl_FsWrite
 .text.InsertToTCBRdyList
                0x08006f04      0x100 ..\obj\task.o
                0x08006f04                InsertToTCBRdyList
 .text.RemoveFromTCBRdyList
                0x08007004       0x88 ..\obj\task.o
                0x08007004                RemoveFromTCBRdyList
 .text.Schedule
                0x0800708c      0x140 ..\obj\task.o
                0x0800708c                Schedule
 .text.SPIxENABLE
                0x080071cc      0x160 ..\obj\diskio.o
 .text.init_spi
                0x0800732c       0x2c ..\obj\diskio.o
 .text.xchg_spi
                0x08007358       0x3c ..\obj\diskio.o
 .text.rcvr_spi_multi
                0x08007394       0x38 ..\obj\diskio.o
 .text.xmit_spi_multi
                0x080073cc       0x38 ..\obj\diskio.o
 .text.wait_ready
                0x08007404       0x40 ..\obj\diskio.o
 .text.deselect
                0x08007444       0x1c ..\obj\diskio.o
 .text.select   0x08007460       0x34 ..\obj\diskio.o
 .text.rcvr_datablock
                0x08007494       0x54 ..\obj\diskio.o
 .text.xmit_datablock
                0x080074e8       0x64 ..\obj\diskio.o
 .text.send_cmd
                0x0800754c       0xe0 ..\obj\diskio.o
 .text.disk_initialize
                0x0800762c      0x1d8 ..\obj\diskio.o
                0x0800762c                disk_initialize
 .text.disk_status
                0x08007804       0x2c ..\obj\diskio.o
                0x08007804                disk_status
 .text.disk_read
                0x08007830       0xcc ..\obj\diskio.o
                0x08007830                disk_read
 .text.disk_write
                0x080078fc       0xf8 ..\obj\diskio.o
                0x080078fc                disk_write
 .text.disk_ioctl
                0x080079f4      0x2c4 ..\obj\diskio.o
                0x080079f4                disk_ioctl
 .text.disk_timerproc
                0x08007cb8       0x68 ..\obj\diskio.o
                0x08007cb8                disk_timerproc
 .text.get_fattime
                0x08007d20       0x50 ..\obj\diskio.o
                0x08007d20                get_fattime
 .text.Default_Reset_Handler
                0x08007d70       0x6c ..\obj\startup_stm32f4xx.o
                0x08007d70                Default_Reset_Handler
                0x08007d70                Reset_Handler
 .text.Default_Handler
                0x08007ddc        0x8 ..\obj\startup_stm32f4xx.o
                0x08007ddc                HASH_RNG_IRQHandler
                0x08007ddc                TIM8_CC_IRQHandler
                0x08007ddc                TIM1_CC_IRQHandler
                0x08007ddc                DMA2_Stream5_IRQHandler
                0x08007ddc                DMA1_Stream5_IRQHandler
                0x08007ddc                PVD_IRQHandler
                0x08007ddc                SDIO_IRQHandler
                0x08007ddc                TAMP_STAMP_IRQHandler
                0x08007ddc                CAN2_RX1_IRQHandler
                0x08007ddc                TIM8_TRG_COM_TIM14_IRQHandler
                0x08007ddc                TIM1_UP_TIM10_IRQHandler
                0x08007ddc                TIM8_UP_TIM13_IRQHandler
                0x08007ddc                I2C3_ER_IRQHandler
                0x08007ddc                I2C2_EV_IRQHandler
                0x08007ddc                DMA1_Stream2_IRQHandler
                0x08007ddc                CAN1_RX0_IRQHandler
                0x08007ddc                FPU_IRQHandler
                0x08007ddc                OTG_HS_WKUP_IRQHandler
                0x08007ddc                CAN2_SCE_IRQHandler
                0x08007ddc                SPI1_IRQHandler
                0x08007ddc                TIM1_BRK_TIM9_IRQHandler
                0x08007ddc                DCMI_IRQHandler
                0x08007ddc                CAN2_RX0_IRQHandler
                0x08007ddc                USART3_IRQHandler
                0x08007ddc                CRYP_IRQHandler
                0x08007ddc                CAN1_RX1_IRQHandler
                0x08007ddc                DMA2_Stream0_IRQHandler
                0x08007ddc                TIM4_IRQHandler
                0x08007ddc                I2C1_EV_IRQHandler
                0x08007ddc                DMA1_Stream6_IRQHandler
                0x08007ddc                DMA1_Stream1_IRQHandler
                0x08007ddc                UART4_IRQHandler
                0x08007ddc                TIM3_IRQHandler
                0x08007ddc                RCC_IRQHandler
                0x08007ddc                TIM8_BRK_TIM12_IRQHandler
                0x08007ddc                DMA1_Stream7_IRQHandler
                0x08007ddc                CAN2_TX_IRQHandler
                0x08007ddc                DMA2_Stream7_IRQHandler
                0x08007ddc                I2C3_EV_IRQHandler
                0x08007ddc                ETH_WKUP_IRQHandler
                0x08007ddc                SPI2_IRQHandler
                0x08007ddc                OTG_HS_EP1_IN_IRQHandler
                0x08007ddc                DMA1_Stream0_IRQHandler
                0x08007ddc                CAN1_TX_IRQHandler
                0x08007ddc                FSMC_IRQHandler
                0x08007ddc                ETH_IRQHandler
                0x08007ddc                OTG_HS_EP1_OUT_IRQHandler
                0x08007ddc                TIM2_IRQHandler
                0x08007ddc                OTG_FS_WKUP_IRQHandler
                0x08007ddc                TIM1_TRG_COM_TIM11_IRQHandler
                0x08007ddc                OTG_HS_IRQHandler
                0x08007ddc                I2C2_ER_IRQHandler
                0x08007ddc                DMA2_Stream1_IRQHandler
                0x08007ddc                CAN1_SCE_IRQHandler
                0x08007ddc                FLASH_IRQHandler
                0x08007ddc                DMA2_Stream4_IRQHandler
                0x08007ddc                USART1_IRQHandler
                0x08007ddc                OTG_FS_IRQHandler
                0x08007ddc                SPI3_IRQHandler
                0x08007ddc                I2C1_ER_IRQHandler
                0x08007ddc                DMA1_Stream3_IRQHandler
 .text.RespondSRQ
                0x08007de4      0x104 ..\obj\serviceReq.o
                0x08007de4                RespondSRQ
 .text.aufgabe_A01_1_1
                0x08007ee8       0x5c ..\obj\aufgabe.o
                0x08007ee8                aufgabe_A01_1_1
 .text.main     0x08007f44       0x1c ..\obj\main.o
                0x08007f44                main
 .text.RCC_LSEConfig
                0x08007f60       0x40 ..\obj\stm32f4xx_rcc.o
                0x08007f60                RCC_LSEConfig
 .text.RCC_GetClocksFreq
                0x08007fa0      0x150 ..\obj\stm32f4xx_rcc.o
                0x08007fa0                RCC_GetClocksFreq
 .text.RCC_RTCCLKConfig
                0x080080f0       0x5c ..\obj\stm32f4xx_rcc.o
                0x080080f0                RCC_RTCCLKConfig
 .text.RCC_RTCCLKCmd
                0x0800814c       0x20 ..\obj\stm32f4xx_rcc.o
                0x0800814c                RCC_RTCCLKCmd
 .text.RCC_AHB1PeriphClockCmd
                0x0800816c       0x3c ..\obj\stm32f4xx_rcc.o
                0x0800816c                RCC_AHB1PeriphClockCmd
 .text.RCC_APB1PeriphClockCmd
                0x080081a8       0x3c ..\obj\stm32f4xx_rcc.o
                0x080081a8                RCC_APB1PeriphClockCmd
 .text.RCC_APB2PeriphClockCmd
                0x080081e4       0x3c ..\obj\stm32f4xx_rcc.o
                0x080081e4                RCC_APB2PeriphClockCmd
 .text.RCC_APB1PeriphResetCmd
                0x08008220       0x3c ..\obj\stm32f4xx_rcc.o
                0x08008220                RCC_APB1PeriphResetCmd
 .text.RCC_APB2PeriphResetCmd
                0x0800825c       0x3c ..\obj\stm32f4xx_rcc.o
                0x0800825c                RCC_APB2PeriphResetCmd
 .text.RCC_GetFlagStatus
                0x08008298       0x74 ..\obj\stm32f4xx_rcc.o
                0x08008298                RCC_GetFlagStatus
 .text.sd_card_init
                0x0800830c       0x3c ..\obj\SDCARD.o
                0x0800830c                sd_card_init
 .text.sd_card_SysTick_Handler
                0x08008348        0xc ..\obj\SDCARD.o
                0x08008348                sd_card_SysTick_Handler
 .text.mpu9250_initserial
                0x08008354      0x1d8 ..\obj\mpu9250_serial.o
                0x08008354                mpu9250_initserial
 .text.mpu9250_slowSPI
                0x0800852c       0x54 ..\obj\mpu9250_serial.o
                0x0800852c                mpu9250_slowSPI
 .text.mpu9250_fastSPI
                0x08008580       0x54 ..\obj\mpu9250_serial.o
                0x08008580                mpu9250_fastSPI
 .text.mpu9250_send
                0x080085d4       0xcc ..\obj\mpu9250_serial.o
                0x080085d4                mpu9250_send
 .text.mpu9250_sendUInt8
                0x080086a0       0x28 ..\obj\mpu9250_serial.o
                0x080086a0                mpu9250_sendUInt8
 .text.mpu9250_receive
                0x080086c8       0xcc ..\obj\mpu9250_serial.o
                0x080086c8                mpu9250_receive
 .text.mpu9250_receiveUInt8
                0x08008794       0x28 ..\obj\mpu9250_serial.o
                0x08008794                mpu9250_receiveUInt8
 .text.NVIC_SetPriority
                0x080087bc       0x54 ..\obj\init.o
 .text.SysTick_Config
                0x08008810       0x44 ..\obj\init.o
 .text.InitSysTick
                0x08008854       0x28 ..\obj\init.o
                0x08008854                InitSysTick
 .text.init_board
                0x0800887c       0xa4 ..\obj\init.o
                0x0800887c                init_board
 .text.ADC_StructInit
                0x08008920       0x3c ..\obj\stm32f4xx_adc.o
                0x08008920                ADC_StructInit
 .text.ADC_CommonInit
                0x0800895c       0x50 ..\obj\stm32f4xx_adc.o
                0x0800895c                ADC_CommonInit
 .text.ADC_Cmd  0x080089ac       0x38 ..\obj\stm32f4xx_adc.o
                0x080089ac                ADC_Cmd
 .text.ADC_VBATCmd
                0x080089e4       0x38 ..\obj\stm32f4xx_adc.o
                0x080089e4                ADC_VBATCmd
 .text.ADC_RegularChannelConfig
                0x08008a1c      0x188 ..\obj\stm32f4xx_adc.o
                0x08008a1c                ADC_RegularChannelConfig
 .text.ADC_SoftwareStartConv
                0x08008ba4       0x20 ..\obj\stm32f4xx_adc.o
                0x08008ba4                ADC_SoftwareStartConv
 .text.ADC_GetConversionValue
                0x08008bc4       0x1c ..\obj\stm32f4xx_adc.o
                0x08008bc4                ADC_GetConversionValue
 .text.ADC_GetFlagStatus
                0x08008be0       0x34 ..\obj\stm32f4xx_adc.o
                0x08008be0                ADC_GetFlagStatus
 .text.ADC_GetITStatus
                0x08008c14       0x5c ..\obj\stm32f4xx_adc.o
                0x08008c14                ADC_GetITStatus
 .text.ADC_ClearITPendingBit
                0x08008c70       0x2c ..\obj\stm32f4xx_adc.o
                0x08008c70                ADC_ClearITPendingBit
 .text.disableIRQ
                0x08008c9c       0x10 ..\obj\dw1000_user.o
                0x08008c9c                disableIRQ
 .text.enableIRQ
                0x08008cac       0x10 ..\obj\dw1000_user.o
                0x08008cac                enableIRQ
 .text.delay__ms
                0x08008cbc       0x3c ..\obj\dw1000_user.o
                0x08008cbc                delay__ms
 .text.dw1000_delay_mSek
                0x08008cf8       0x18 ..\obj\dw1000_user.o
                0x08008cf8                dw1000_delay_mSek
 .text.dw1000_getTickCounter
                0x08008d10       0x18 ..\obj\dw1000_user.o
                0x08008d10                dw1000_getTickCounter
 .text.dw1000_initializehardware
                0x08008d28      0x330 ..\obj\dw1000_user.o
                0x08008d28                dw1000_initializehardware
 .text.dw1000_enableInterrupts
                0x08009058       0x2c ..\obj\dw1000_user.o
                0x08009058                dw1000_enableInterrupts
 .text.dw1000_disableInterrupts
                0x08009084       0x2c ..\obj\dw1000_user.o
                0x08009084                dw1000_disableInterrupts
 .text.dw1000_resetResetPin
                0x080090b0       0x4c ..\obj\dw1000_user.o
                0x080090b0                dw1000_resetResetPin
 .text.dw1000_readResetPin
                0x080090fc       0x58 ..\obj\dw1000_user.o
                0x080090fc                dw1000_readResetPin
 .text.dw1000_setWakePin
                0x08009154       0x14 ..\obj\dw1000_user.o
                0x08009154                dw1000_setWakePin
 .text.dw1000_resetWakePin
                0x08009168       0x14 ..\obj\dw1000_user.o
                0x08009168                dw1000_resetWakePin
 .text.dw1000_reduceClock
                0x0800917c       0x24 ..\obj\dw1000_user.o
                0x0800917c                dw1000_reduceClock
 .text.dw1000_raiseClock
                0x080091a0       0x24 ..\obj\dw1000_user.o
                0x080091a0                dw1000_raiseClock
 .text.dw1000_readWriteSpi
                0x080091c4       0xa0 ..\obj\dw1000_user.o
                0x080091c4                dw1000_readWriteSpi
 .text.init_POWER_ON
                0x08009264       0x48 ..\obj\power.o
                0x08009264                init_POWER_ON
 .text.read_VBAT_RTC
                0x080092ac      0x128 ..\obj\power.o
                0x080092ac                read_VBAT_RTC
 .text.CoPostMail
                0x080093d4       0x74 ..\obj\mbox.o
                0x080093d4                CoPostMail
 .text.Http_Get_Event
                0x08009448      0x10c ..\obj\CC3100_HttpServer.o
                0x08009448                Http_Get_Event
 .text.Http_Post_Event
                0x08009554       0x9c ..\obj\CC3100_HttpServer.o
                0x08009554                Http_Post_Event
 .text.wait_mSek
                0x080095f0       0x2c ..\obj\test.o
                0x080095f0                wait_mSek
 .text.NVIC_EnableIRQ
                0x0800961c       0x30 ..\obj\CC3100_Board.o
 .text.NVIC_DisableIRQ
                0x0800964c       0x34 ..\obj\CC3100_Board.o
 .text.spi_Close
                0x08009680       0x18 ..\obj\CC3100_Board.o
                0x08009680                spi_Close
 .text.spi_Open
                0x08009698       0x18 ..\obj\CC3100_Board.o
                0x08009698                spi_Open
 .text.spi_dma_Write
                0x080096b0       0xb4 ..\obj\CC3100_Board.o
                0x080096b0                spi_dma_Write
 .text.spi_dma_Read
                0x08009764       0xb0 ..\obj\CC3100_Board.o
                0x08009764                spi_dma_Read
 .text.DMA1_Stream4_IRQHandler
                0x08009814       0x30 ..\obj\CC3100_Board.o
                0x08009814                DMA1_Stream4_IRQHandler
 .text.DMA_Int_Handler
                0x08009844       0x5c ..\obj\CC3100_Board.o
                0x08009844                DMA_Int_Handler
 .text.registerInterruptHandler
                0x080098a0       0x24 ..\obj\CC3100_Board.o
                0x080098a0                registerInterruptHandler
 .text.Delay    0x080098c4       0x38 ..\obj\CC3100_Board.o
                0x080098c4                Delay
 .text.wait_uSek_CC3100
                0x080098fc       0x2c ..\obj\CC3100_Board.o
                0x080098fc                wait_uSek_CC3100
 .text.CC3100_init
                0x08009928      0x320 ..\obj\CC3100_Board.o
                0x08009928                CC3100_init
 .text.CC3100_enable
                0x08009c48       0x14 ..\obj\CC3100_Board.o
                0x08009c48                CC3100_enable
 .text.CC3100_disable
                0x08009c5c       0x1c ..\obj\CC3100_Board.o
                0x08009c5c                CC3100_disable
 .text.CC3100_InterruptEnable
                0x08009c78        0xc ..\obj\CC3100_Board.o
                0x08009c78                CC3100_InterruptEnable
 .text.CC3100_InterruptDisable
                0x08009c84        0xc ..\obj\CC3100_Board.o
                0x08009c84                CC3100_InterruptDisable
 .text.WLAN_intHandler
                0x08009c90       0x1c ..\obj\CC3100_Board.o
                0x08009c90                WLAN_intHandler
 .text.cc3100_uart6_init
                0x08009cac       0x8c ..\obj\CC3100_Board.o
 .text.cc3100_nHIB_0
                0x08009d38       0x84 ..\obj\CC3100_Board.o
 .text.cc3100_nHIB_1
                0x08009dbc       0x14 ..\obj\CC3100_Board.o
 .text.CC3100_format_serial_flash
                0x08009dd0      0x110 ..\obj\CC3100_Board.o
                0x08009dd0                CC3100_format_serial_flash
 .text.CC3100_uart6_receive_IRQ
                0x08009ee0       0x6c ..\obj\CC3100_Board.o
                0x08009ee0                CC3100_uart6_receive_IRQ
 .text.RemoveDelayList
                0x08009f4c       0xb4 ..\obj\time.o
                0x08009f4c                RemoveDelayList
 .text.TimeDispose
                0x0800a000       0x74 ..\obj\time.o
                0x0800a000                TimeDispose
 .text.isr_TimeDispose
                0x0800a074       0x30 ..\obj\time.o
                0x0800a074                isr_TimeDispose
 .text.EventTaskToRdy
                0x0800a0a4      0x10c ..\obj\event.o
                0x0800a0a4                EventTaskToRdy
 .text.RemoveEventWaittingList
                0x0800a1b0       0x98 ..\obj\event.o
                0x0800a1b0                RemoveEventWaittingList
 .text.GPIO_Init
                0x0800a248      0x11c ..\obj\stm32f4xx_gpio.o
                0x0800a248                GPIO_Init
 .text.GPIO_StructInit
                0x0800a364       0x34 ..\obj\stm32f4xx_gpio.o
                0x0800a364                GPIO_StructInit
 .text.GPIO_ReadInputDataBit
                0x0800a398       0x34 ..\obj\stm32f4xx_gpio.o
                0x0800a398                GPIO_ReadInputDataBit
 .text.GPIO_ReadOutputDataBit
                0x0800a3cc       0x34 ..\obj\stm32f4xx_gpio.o
                0x0800a3cc                GPIO_ReadOutputDataBit
 .text.GPIO_SetBits
                0x0800a400       0x1c ..\obj\stm32f4xx_gpio.o
                0x0800a400                GPIO_SetBits
 .text.GPIO_ResetBits
                0x0800a41c       0x1c ..\obj\stm32f4xx_gpio.o
                0x0800a41c                GPIO_ResetBits
 .text.GPIO_ToggleBits
                0x0800a438       0x24 ..\obj\stm32f4xx_gpio.o
                0x0800a438                GPIO_ToggleBits
 .text.GPIO_PinAFConfig
                0x0800a45c       0x8c ..\obj\stm32f4xx_gpio.o
                0x0800a45c                GPIO_PinAFConfig
 .text._sl_GetStartResponseConvert
                0x0800a4e8       0x28 ..\obj\device.o
                0x0800a4e8                _sl_GetStartResponseConvert
 .text.sl_Start
                0x0800a510       0xcc ..\obj\device.o
                0x0800a510                sl_Start
 .text._sl_HandleAsync_InitComplete
                0x0800a5dc       0xa0 ..\obj\device.o
                0x0800a5dc                _sl_HandleAsync_InitComplete
 .text._sl_HandleAsync_Stop
                0x0800a67c       0x68 ..\obj\device.o
                0x0800a67c                _sl_HandleAsync_Stop
 .text.sl_Stop  0x0800a6e4       0xd8 ..\obj\device.o
                0x0800a6e4                sl_Stop
 .text.sl_DevGet
                0x0800a7bc       0xb0 ..\obj\device.o
                0x0800a7bc                sl_DevGet
 .text._SlDrvDeviceEventHandler
                0x0800a86c       0x88 ..\obj\device.o
                0x0800a86c                _SlDrvDeviceEventHandler
 .text.SimpleLinkWlanEventHandler
                0x0800a8f4      0x14c ..\obj\CC3100_EventHandler.o
                0x0800a8f4                SimpleLinkWlanEventHandler
 .text.SimpleLinkNetAppEventHandler
                0x0800aa40       0x90 ..\obj\CC3100_EventHandler.o
                0x0800aa40                SimpleLinkNetAppEventHandler
 .text.SimpleLinkSockEventHandler
                0x0800aad0       0x74 ..\obj\CC3100_EventHandler.o
                0x0800aad0                SimpleLinkSockEventHandler
 .text.SimpleLinkGeneralEventHandler
                0x0800ab44       0x58 ..\obj\CC3100_EventHandler.o
                0x0800ab44                SimpleLinkGeneralEventHandler
 .text.SimpleLinkHttpServerCallback
                0x0800ab9c       0x68 ..\obj\CC3100_EventHandler.o
                0x0800ab9c                SimpleLinkHttpServerCallback
 .text.SystemInit
                0x0800ac04       0x68 ..\obj\system_stm32f4xx.o
                0x0800ac04                SystemInit
 .text.SetSysClock
                0x0800ac6c      0x128 ..\obj\system_stm32f4xx.o
 .text._sbrk    0x0800ad94       0x40 ..\obj\syscalls.o
                0x0800ad94                _sbrk
 .text._close   0x0800add4       0x18 ..\obj\syscalls.o
                0x0800add4                _close
 .text._fstat   0x0800adec       0x20 ..\obj\syscalls.o
                0x0800adec                _fstat
 .text._isatty  0x0800ae0c       0x18 ..\obj\syscalls.o
                0x0800ae0c                _isatty
 .text._lseek   0x0800ae24       0x1c ..\obj\syscalls.o
                0x0800ae24                _lseek
 .text._read    0x0800ae40       0x1c ..\obj\syscalls.o
                0x0800ae40                _read
 .text._write   0x0800ae5c       0x1c ..\obj\syscalls.o
                0x0800ae5c                _write
 .text.DMA_DeInit
                0x0800ae78      0x1a4 ..\obj\stm32f4xx_dma.o
                0x0800ae78                DMA_DeInit
 .text.DMA_Init
                0x0800b01c       0xac ..\obj\stm32f4xx_dma.o
                0x0800b01c                DMA_Init
 .text.DMA_StructInit
                0x0800b0c8       0x6c ..\obj\stm32f4xx_dma.o
                0x0800b0c8                DMA_StructInit
 .text.DMA_Cmd  0x0800b134       0x38 ..\obj\stm32f4xx_dma.o
                0x0800b134                DMA_Cmd
 .text.DMA_SetCurrDataCounter
                0x0800b16c       0x1c ..\obj\stm32f4xx_dma.o
                0x0800b16c                DMA_SetCurrDataCounter
 .text.DMA_MemoryTargetConfig
                0x0800b188       0x2c ..\obj\stm32f4xx_dma.o
                0x0800b188                DMA_MemoryTargetConfig
 .text.DMA_GetFlagStatus
                0x0800b1b4       0x78 ..\obj\stm32f4xx_dma.o
                0x0800b1b4                DMA_GetFlagStatus
 .text.DMA_ClearFlag
                0x0800b22c       0x5c ..\obj\stm32f4xx_dma.o
                0x0800b22c                DMA_ClearFlag
 .text.DMA_GetITStatus
                0x0800b288       0xb0 ..\obj\stm32f4xx_dma.o
                0x0800b288                DMA_GetITStatus
 .text.DMA_ClearITPendingBit
                0x0800b338       0x5c ..\obj\stm32f4xx_dma.o
                0x0800b338                DMA_ClearITPendingBit
 .text.mpu9250_getI2CId
                0x0800b394       0x10 ..\obj\mpu9250_driver.o
                0x0800b394                mpu9250_getI2CId
 .text.mpu9250_getInterruptStatus
                0x0800b3a4       0x10 ..\obj\mpu9250_driver.o
                0x0800b3a4                mpu9250_getInterruptStatus
 .text.delay_ms
                0x0800b3b4       0x3c ..\obj\mpu9250_driver.o
                0x0800b3b4                delay_ms
 .text.delay_us
                0x0800b3f0       0x30 ..\obj\mpu9250_driver.o
                0x0800b3f0                delay_us
 .text.mpu9250_commit
                0x0800b420      0x210 ..\obj\mpu9250_driver.o
                0x0800b420                mpu9250_commit
 .text.mpu9250_init
                0x0800b630       0xe4 ..\obj\mpu9250_driver.o
                0x0800b630                mpu9250_init
 .text.mpu9250_stop
                0x0800b714       0x34 ..\obj\mpu9250_driver.o
                0x0800b714                mpu9250_stop
 .text.mpu9250_resetFifo
                0x0800b748       0x74 ..\obj\mpu9250_driver.o
                0x0800b748                mpu9250_resetFifo
 .text.ff_convert
                0x0800b7bc       0x78 ..\obj\ccsbcs.o
                0x0800b7bc                ff_convert
 .text.ff_wtoupper
                0x0800b834       0x5c ..\obj\ccsbcs.o
                0x0800b834                ff_wtoupper
 .text.CoPostQueueMail
                0x0800b890       0xac ..\obj\queue.o
                0x0800b890                CoPostQueueMail
 .text.IRQ_ENABLE_RESTORE
                0x0800b93c       0x10 ..\obj\port.o
                0x0800b93c                IRQ_ENABLE_RESTORE
 .text.IRQ_DISABLE_SAVE
                0x0800b94c       0x10 ..\obj\port.o
                0x0800b94c                IRQ_DISABLE_SAVE
 .text.SwitchContext
                0x0800b95c       0x14 ..\obj\port.o
                0x0800b95c                SwitchContext
 .text.PendSV_Handler
                0x0800b970       0x3c ..\obj\port.o
                0x0800b970                PendSV_Handler
 .text.CoSetFlag
                0x0800b9ac       0xf4 ..\obj\flag.o
                0x0800b9ac                CoSetFlag
 .text.RemoveFromLink
                0x0800baa0       0x54 ..\obj\flag.o
 .text.RemoveLinkNode
                0x0800baf4       0x84 ..\obj\flag.o
                0x0800baf4                RemoveLinkNode
 .text.BME280_read_sensor
                0x0800bb78      0x228 ..\obj\BME280.o
                0x0800bb78                BME280_read_sensor
 .text.BME280_print_sensorwerte
                0x0800bda0       0x74 ..\obj\BME280.o
                0x0800bda0                BME280_print_sensorwerte
 .text.BME280_I2C2_init
                0x0800be14       0xcc ..\obj\BME280.o
                0x0800be14                BME280_I2C2_init
 .text.BME280_I2C_bus_read
                0x0800bee0       0x98 ..\obj\BME280.o
                0x0800bee0                BME280_I2C_bus_read
 .text.BME280_I2C_bus_write
                0x0800bf78       0x70 ..\obj\BME280.o
                0x0800bf78                BME280_I2C_bus_write
 .text.BME280_delay_msek
                0x0800bfe8       0x40 ..\obj\BME280.o
                0x0800bfe8                BME280_delay_msek
 .text.mem_cpy  0x0800c028       0x3c ..\obj\ff.o
 .text.mem_set  0x0800c064       0x34 ..\obj\ff.o
 .text.mem_cmp  0x0800c098       0x50 ..\obj\ff.o
 .text.chk_chr  0x0800c0e8       0x38 ..\obj\ff.o
 .text.sync_window
                0x0800c120       0x8c ..\obj\ff.o
 .text.move_window
                0x0800c1ac       0x5c ..\obj\ff.o
 .text.sync_fs  0x0800c208      0x14c ..\obj\ff.o
 .text.clust2sect
                0x0800c354       0x3c ..\obj\ff.o
                0x0800c354                clust2sect
 .text.get_fat  0x0800c390      0x164 ..\obj\ff.o
                0x0800c390                get_fat
 .text.put_fat  0x0800c4f4      0x200 ..\obj\ff.o
                0x0800c4f4                put_fat
 .text.remove_chain
                0x0800c6f4       0xa4 ..\obj\ff.o
 .text.create_chain
                0x0800c798      0x12c ..\obj\ff.o
 .text.dir_sdi  0x0800c8c4       0xfc ..\obj\ff.o
 .text.dir_next
                0x0800c9c0      0x1a4 ..\obj\ff.o
 .text.dir_alloc
                0x0800cb64       0x8c ..\obj\ff.o
 .text.ld_clust
                0x0800cbf0       0x58 ..\obj\ff.o
 .text.st_clust
                0x0800cc48       0x4c ..\obj\ff.o
 .text.cmp_lfn  0x0800cc94       0xd4 ..\obj\ff.o
 .text.fit_lfn  0x0800cd68       0xe0 ..\obj\ff.o
 .text.gen_numname
                0x0800ce48      0x11c ..\obj\ff.o
 .text.sum_sfn  0x0800cf64       0x44 ..\obj\ff.o
 .text.dir_find
                0x0800cfa8      0x160 ..\obj\ff.o
 .text.dir_register
                0x0800d108      0x1f4 ..\obj\ff.o
 .text.create_name
                0x0800d2fc      0x360 ..\obj\ff.o
 .text.follow_path
                0x0800d65c       0xcc ..\obj\ff.o
 .text.get_ldnumber
                0x0800d728       0x88 ..\obj\ff.o
 .text.check_fs
                0x0800d7b0       0xc0 ..\obj\ff.o
 .text.find_volume
                0x0800d870      0x554 ..\obj\ff.o
 .text.validate
                0x0800ddc4       0x5c ..\obj\ff.o
 .text.f_mount  0x0800de20       0x88 ..\obj\ff.o
                0x0800de20                f_mount
 .text.f_open   0x0800dea8      0x28c ..\obj\ff.o
                0x0800dea8                f_open
 .text.f_read   0x0800e134      0x27c ..\obj\ff.o
                0x0800e134                f_read
 .text.f_sync   0x0800e3b0      0x158 ..\obj\ff.o
                0x0800e3b0                f_sync
 .text.f_close  0x0800e508       0x38 ..\obj\ff.o
                0x0800e508                f_close
 .text.init_TASTER1
                0x0800e540       0x4c ..\obj\taster.o
                0x0800e540                init_TASTER1
 .text.TASTER1_IRQ
                0x0800e58c       0x1c ..\obj\taster.o
                0x0800e58c                TASTER1_IRQ
 .text.init_TASTER2
                0x0800e5a8       0x48 ..\obj\taster.o
                0x0800e5a8                init_TASTER2
 .text.TASTER2_IRQ
                0x0800e5f0       0x10 ..\obj\taster.o
                0x0800e5f0                TASTER2_IRQ
 .text.SPI_I2S_DeInit
                0x0800e600       0x74 ..\obj\stm32f4xx_spi.o
                0x0800e600                SPI_I2S_DeInit
 .text.SPI_Init
                0x0800e674       0x88 ..\obj\stm32f4xx_spi.o
                0x0800e674                SPI_Init
 .text.SPI_Cmd  0x0800e6fc       0x40 ..\obj\stm32f4xx_spi.o
                0x0800e6fc                SPI_Cmd
 .text.SPI_I2S_ReceiveData
                0x0800e73c       0x1c ..\obj\stm32f4xx_spi.o
                0x0800e73c                SPI_I2S_ReceiveData
 .text.SPI_I2S_SendData
                0x0800e758       0x1c ..\obj\stm32f4xx_spi.o
                0x0800e758                SPI_I2S_SendData
 .text.SPI_CalculateCRC
                0x0800e774       0x40 ..\obj\stm32f4xx_spi.o
                0x0800e774                SPI_CalculateCRC
 .text.SPI_I2S_DMACmd
                0x0800e7b4       0x48 ..\obj\stm32f4xx_spi.o
                0x0800e7b4                SPI_I2S_DMACmd
 .text.SPI_I2S_GetFlagStatus
                0x0800e7fc       0x38 ..\obj\stm32f4xx_spi.o
                0x0800e7fc                SPI_I2S_GetFlagStatus
 .text.SPI_I2S_ClearFlag
                0x0800e834       0x20 ..\obj\stm32f4xx_spi.o
                0x0800e834                SPI_I2S_ClearFlag
 .text.I2C_DeInit
                0x0800e854       0x74 ..\obj\stm32f4xx_i2c.o
                0x0800e854                I2C_DeInit
 .text.I2C_Init
                0x0800e8c8      0x184 ..\obj\stm32f4xx_i2c.o
                0x0800e8c8                I2C_Init
 .text.I2C_Cmd  0x0800ea4c       0x40 ..\obj\stm32f4xx_i2c.o
                0x0800ea4c                I2C_Cmd
 .text.I2C_GenerateSTART
                0x0800ea8c       0x40 ..\obj\stm32f4xx_i2c.o
                0x0800ea8c                I2C_GenerateSTART
 .text.I2C_GenerateSTOP
                0x0800eacc       0x40 ..\obj\stm32f4xx_i2c.o
                0x0800eacc                I2C_GenerateSTOP
 .text.I2C_Send7bitAddress
                0x0800eb0c       0x3c ..\obj\stm32f4xx_i2c.o
                0x0800eb0c                I2C_Send7bitAddress
 .text.I2C_AcknowledgeConfig
                0x0800eb48       0x40 ..\obj\stm32f4xx_i2c.o
                0x0800eb48                I2C_AcknowledgeConfig
 .text.I2C_SendData
                0x0800eb88       0x20 ..\obj\stm32f4xx_i2c.o
                0x0800eb88                I2C_SendData
 .text.I2C_ReceiveData
                0x0800eba8       0x1c ..\obj\stm32f4xx_i2c.o
                0x0800eba8                I2C_ReceiveData
 .text.I2C_CheckEvent
                0x0800ebc4       0x60 ..\obj\stm32f4xx_i2c.o
                0x0800ebc4                I2C_CheckEvent
 .text.I2C_GetFlagStatus
                0x0800ec24       0x68 ..\obj\stm32f4xx_i2c.o
                0x0800ec24                I2C_GetFlagStatus
 .text.CoOS_SysTick_Handler
                0x0800ec8c       0x98 ..\obj\arch.o
                0x0800ec8c                CoOS_SysTick_Handler
 .text.EXTI_Init
                0x0800ed24       0xdc ..\obj\stm32f4xx_exti.o
                0x0800ed24                EXTI_Init
 .text.EXTI_ClearFlag
                0x0800ee00       0x1c ..\obj\stm32f4xx_exti.o
                0x0800ee00                EXTI_ClearFlag
 .text.EXTI_GetITStatus
                0x0800ee1c       0x48 ..\obj\stm32f4xx_exti.o
                0x0800ee1c                EXTI_GetITStatus
 .text.EXTI_ClearITPendingBit
                0x0800ee64       0x1c ..\obj\stm32f4xx_exti.o
                0x0800ee64                EXTI_ClearITPendingBit
 .text.NVIC_PriorityGroupConfig
                0x0800ee80       0x24 ..\obj\misc.o
                0x0800ee80                NVIC_PriorityGroupConfig
 .text.NVIC_Init
                0x0800eea4       0xbc ..\obj\misc.o
                0x0800eea4                NVIC_Init
 .text.init_BEEPER
                0x0800ef60       0x4c ..\obj\beeper.o
                0x0800ef60                init_BEEPER
 .text.timer_tonfrequenz
                0x0800efac       0xfc ..\obj\beeper.o
                0x0800efac                timer_tonfrequenz
 .text.timer_tondauer
                0x0800f0a8       0x80 ..\obj\beeper.o
                0x0800f0a8                timer_tondauer
 .text.beep     0x0800f128       0x7c ..\obj\beeper.o
                0x0800f128                beep
 .text.BEEPER_IRQHandler
                0x0800f1a4       0x60 ..\obj\beeper.o
                0x0800f1a4                BEEPER_IRQHandler
 .text.uwbranging_loadconfig
                0x0800f204      0x390 ..\obj\dw1000_ranging.o
                0x0800f204                uwbranging_loadconfig
 *fill*         0x0800f594        0x4 
 .text.uwbranging_calculateDistance
                0x0800f598      0x1f0 ..\obj\dw1000_ranging.o
                0x0800f598                uwbranging_calculateDistance
 .text.uwbranging_initialize
                0x0800f788       0x9c ..\obj\dw1000_ranging.o
                0x0800f788                uwbranging_initialize
 .text.uwbranging_cancel
                0x0800f824       0x64 ..\obj\dw1000_ranging.o
                0x0800f824                uwbranging_cancel
 .text.dw1000_handleTransmittedPackage
                0x0800f888      0x144 ..\obj\dw1000_ranging.o
                0x0800f888                dw1000_handleTransmittedPackage
 .text.dw1000_handleIncomingPackage
                0x0800f9cc      0x464 ..\obj\dw1000_ranging.o
                0x0800f9cc                dw1000_handleIncomingPackage
 .text.uwbranging_tick
                0x0800fe30       0x90 ..\obj\dw1000_ranging.o
                0x0800fe30                uwbranging_tick
 .text.uwbranging_registerTextMessageHandler
                0x0800fec0       0x1c ..\obj\dw1000_ranging.o
                0x0800fec0                uwbranging_registerTextMessageHandler
 .text.uwbranging_registerByteArrayMessageHandler
                0x0800fedc       0x1c ..\obj\dw1000_ranging.o
                0x0800fedc                uwbranging_registerByteArrayMessageHandler
 .text.uwbranging_registerRangeHandler
                0x0800fef8       0x1c ..\obj\dw1000_ranging.o
                0x0800fef8                uwbranging_registerRangeHandler
 .text.DW1000_init
                0x0800ff14       0x28 ..\obj\DW1000.o
                0x0800ff14                DW1000_init
 .text.HandleRangeReceived
                0x0800ff3c      0x100 ..\obj\DW1000.o
                0x0800ff3c                HandleRangeReceived
 .text.HandleTextMessageReceived
                0x0801003c       0x38 ..\obj\DW1000.o
                0x0801003c                HandleTextMessageReceived
 .text.HandleByteMessageReceived
                0x08010074       0x38 ..\obj\DW1000.o
                0x08010074                HandleByteMessageReceived
 .text.CoPostSem
                0x080100ac       0x8c ..\obj\sem.o
                0x080100ac                CoPostSem
 .text.RTC_Init
                0x08010138       0x78 ..\obj\stm32f4xx_rtc.o
                0x08010138                RTC_Init
 .text.RTC_EnterInitMode
                0x080101b0       0x74 ..\obj\stm32f4xx_rtc.o
                0x080101b0                RTC_EnterInitMode
 .text.RTC_ExitInitMode
                0x08010224       0x1c ..\obj\stm32f4xx_rtc.o
                0x08010224                RTC_ExitInitMode
 .text.RTC_WaitForSynchro
                0x08010240       0x78 ..\obj\stm32f4xx_rtc.o
                0x08010240                RTC_WaitForSynchro
 .text.RTC_SetTime
                0x080102b8      0x104 ..\obj\stm32f4xx_rtc.o
                0x080102b8                RTC_SetTime
 .text.RTC_GetTime
                0x080103bc       0x9c ..\obj\stm32f4xx_rtc.o
                0x080103bc                RTC_GetTime
 .text.RTC_SetDate
                0x08010458      0x10c ..\obj\stm32f4xx_rtc.o
                0x08010458                RTC_SetDate
 .text.RTC_GetDate
                0x08010564       0x9c ..\obj\stm32f4xx_rtc.o
                0x08010564                RTC_GetDate
 .text.RTC_SetAlarm
                0x08010600      0x138 ..\obj\stm32f4xx_rtc.o
                0x08010600                RTC_SetAlarm
 .text.RTC_AlarmCmd
                0x08010738       0x9c ..\obj\stm32f4xx_rtc.o
                0x08010738                RTC_AlarmCmd
 .text.RTC_OutputConfig
                0x080107d4       0x48 ..\obj\stm32f4xx_rtc.o
                0x080107d4                RTC_OutputConfig
 .text.RTC_WriteBackupRegister
                0x0801081c       0x30 ..\obj\stm32f4xx_rtc.o
                0x0801081c                RTC_WriteBackupRegister
 .text.RTC_ReadBackupRegister
                0x0801084c       0x30 ..\obj\stm32f4xx_rtc.o
                0x0801084c                RTC_ReadBackupRegister
 .text.RTC_OutputTypeConfig
                0x0801087c       0x30 ..\obj\stm32f4xx_rtc.o
                0x0801087c                RTC_OutputTypeConfig
 .text.RTC_ITConfig
                0x080108ac       0x78 ..\obj\stm32f4xx_rtc.o
                0x080108ac                RTC_ITConfig
 .text.RTC_ClearFlag
                0x08010924       0x30 ..\obj\stm32f4xx_rtc.o
                0x08010924                RTC_ClearFlag
 .text.RTC_GetITStatus
                0x08010954       0x68 ..\obj\stm32f4xx_rtc.o
                0x08010954                RTC_GetITStatus
 .text.RTC_ClearITPendingBit
                0x080109bc       0x38 ..\obj\stm32f4xx_rtc.o
                0x080109bc                RTC_ClearITPendingBit
 .text.RTC_ByteToBcd2
                0x080109f4       0x3c ..\obj\stm32f4xx_rtc.o
 .text.RTC_Bcd2ToByte
                0x08010a30       0x38 ..\obj\stm32f4xx_rtc.o
 .text.bme280_init
                0x08010a68       0x60 ..\obj\bme280_driver.o
                0x08010a68                bme280_init
 .text.bme280_compensate_temperature_int32
                0x08010ac8       0x90 ..\obj\bme280_driver.o
                0x08010ac8                bme280_compensate_temperature_int32
 .text.bme280_compensate_pressure_int32
                0x08010b58      0x15c ..\obj\bme280_driver.o
                0x08010b58                bme280_compensate_pressure_int32
 .text.bme280_compensate_humidity_int32
                0x08010cb4       0xd0 ..\obj\bme280_driver.o
                0x08010cb4                bme280_compensate_humidity_int32
 .text.bme280_read_uncomp_pressure_temperature_humidity
                0x08010d84       0xac ..\obj\bme280_driver.o
                0x08010d84                bme280_read_uncomp_pressure_temperature_humidity
 .text.bme280_read_pressure_temperature_humidity
                0x08010e30       0x7c ..\obj\bme280_driver.o
                0x08010e30                bme280_read_pressure_temperature_humidity
 .text.bme280_get_calib_param
                0x08010eac      0x204 ..\obj\bme280_driver.o
                0x08010eac                bme280_get_calib_param
 .text.bme280_set_oversamp_temperature
                0x080110b0      0x17c ..\obj\bme280_driver.o
                0x080110b0                bme280_set_oversamp_temperature
 .text.bme280_set_oversamp_pressure
                0x0801122c      0x170 ..\obj\bme280_driver.o
                0x0801122c                bme280_set_oversamp_pressure
 .text.bme280_set_oversamp_humidity
                0x0801139c      0x1b4 ..\obj\bme280_driver.o
                0x0801139c                bme280_set_oversamp_humidity
 .text.bme280_get_power_mode
                0x08011550       0x58 ..\obj\bme280_driver.o
                0x08011550                bme280_get_power_mode
 .text.bme280_set_power_mode
                0x080115a8      0x180 ..\obj\bme280_driver.o
                0x080115a8                bme280_set_power_mode
 .text.bme280_set_soft_rst
                0x08011728       0x48 ..\obj\bme280_driver.o
                0x08011728                bme280_set_soft_rst
 .text.bme280_set_standby_durn
                0x08011770      0x17c ..\obj\bme280_driver.o
                0x08011770                bme280_set_standby_durn
 .text.bme280_write_register
                0x080118ec       0x50 ..\obj\bme280_driver.o
                0x080118ec                bme280_write_register
 .text.bme280_read_register
                0x0801193c       0x50 ..\obj\bme280_driver.o
                0x0801193c                bme280_read_register
 .text.bme280_compute_wait_time
                0x0801198c       0x9c ..\obj\bme280_driver.o
                0x0801198c                bme280_compute_wait_time
 .text.CoStkOverflowHook
                0x08011a28        0xc ..\obj\hook.o
                0x08011a28                CoStkOverflowHook
 .text.TIM_TimeBaseInit
                0x08011a34       0xd4 ..\obj\stm32f4xx_tim.o
                0x08011a34                TIM_TimeBaseInit
 .text.TIM_SetCounter
                0x08011b08       0x1c ..\obj\stm32f4xx_tim.o
                0x08011b08                TIM_SetCounter
 .text.TIM_ARRPreloadConfig
                0x08011b24       0x40 ..\obj\stm32f4xx_tim.o
                0x08011b24                TIM_ARRPreloadConfig
 .text.TIM_Cmd  0x08011b64       0x40 ..\obj\stm32f4xx_tim.o
                0x08011b64                TIM_Cmd
 .text.TIM_OC1Init
                0x08011ba4       0xf4 ..\obj\stm32f4xx_tim.o
                0x08011ba4                TIM_OC1Init
 .text.TIM_OC1PreloadConfig
                0x08011c98       0x38 ..\obj\stm32f4xx_tim.o
                0x08011c98                TIM_OC1PreloadConfig
 .text.TIM_ITConfig
                0x08011cd0       0x48 ..\obj\stm32f4xx_tim.o
                0x08011cd0                TIM_ITConfig
 .text.TIM_GetITStatus
                0x08011d18       0x54 ..\obj\stm32f4xx_tim.o
                0x08011d18                TIM_GetITStatus
 .text.TIM_ClearITPendingBit
                0x08011d6c       0x20 ..\obj\stm32f4xx_tim.o
                0x08011d6c                TIM_ClearITPendingBit
 .text._SlNonOsSemSet
                0x08011d8c       0x24 ..\obj\nonos.o
                0x08011d8c                _SlNonOsSemSet
 .text._SlNonOsSemGet
                0x08011db0       0x50 ..\obj\nonos.o
                0x08011db0                _SlNonOsSemGet
 .text._SlNonOsSpawn
                0x08011e00       0x5c ..\obj\nonos.o
                0x08011e00                _SlNonOsSpawn
 .text._SlNonOsMainLoopTask
                0x08011e5c       0x84 ..\obj\nonos.o
                0x08011e5c                _SlNonOsMainLoopTask
 .text.NVIC_EnableIRQ
                0x08011ee0       0x30 ..\obj\usart.o
 .text.usart2_printf
                0x08011f10       0x84 ..\obj\usart.o
                0x08011f10                usart2_printf
 .text.usart2_send
                0x08011f94       0x78 ..\obj\usart.o
                0x08011f94                usart2_send
 .text.usart2_init
                0x0801200c      0x13c ..\obj\usart.o
                0x0801200c                usart2_init
 .text.round    0x08012148       0x98 c:/program files (x86)/gnu tools arm embedded/4.8 2014q2/bin/../lib/gcc/arm-none-eabi/4.8.4/../../../../arm-none-eabi/lib/armv7e-m/fpu\libm.a(lib_a-s_round.o)
                0x08012148                round
 .text.log10    0x080121e0       0xf8 c:/program files (x86)/gnu tools arm embedded/4.8 2014q2/bin/../lib/gcc/arm-none-eabi/4.8.4/../../../../arm-none-eabi/lib/armv7e-m/fpu\libm.a(lib_a-w_log10.o)
                0x080121e0                log10
 .text.pow      0x080122d8      0x340 c:/program files (x86)/gnu tools arm embedded/4.8 2014q2/bin/../lib/gcc/arm-none-eabi/4.8.4/../../../../arm-none-eabi/lib/armv7e-m/fpu\libm.a(lib_a-w_pow.o)
                0x080122d8                pow
 .text.__ieee754_log10
                0x08012618      0x130 c:/program files (x86)/gnu tools arm embedded/4.8 2014q2/bin/../lib/gcc/arm-none-eabi/4.8.4/../../../../arm-none-eabi/lib/armv7e-m/fpu\libm.a(lib_a-e_log10.o)
                0x08012618                __ieee754_log10
 .text.__ieee754_pow
                0x08012748      0xae8 c:/program files (x86)/gnu tools arm embedded/4.8 2014q2/bin/../lib/gcc/arm-none-eabi/4.8.4/../../../../arm-none-eabi/lib/armv7e-m/fpu\libm.a(lib_a-e_pow.o)
                0x08012748                __ieee754_pow
 .text.__ieee754_sqrt
                0x08013230      0x198 c:/program files (x86)/gnu tools arm embedded/4.8 2014q2/bin/../lib/gcc/arm-none-eabi/4.8.4/../../../../arm-none-eabi/lib/armv7e-m/fpu\libm.a(lib_a-e_sqrt.o)
                0x08013230                __ieee754_sqrt
 .text.fabs     0x080133c8       0x14 c:/program files (x86)/gnu tools arm embedded/4.8 2014q2/bin/../lib/gcc/arm-none-eabi/4.8.4/../../../../arm-none-eabi/lib/armv7e-m/fpu\libm.a(lib_a-s_fabs.o)
                0x080133c8                fabs
 .text.finite   0x080133dc       0x10 c:/program files (x86)/gnu tools arm embedded/4.8 2014q2/bin/../lib/gcc/arm-none-eabi/4.8.4/../../../../arm-none-eabi/lib/armv7e-m/fpu\libm.a(lib_a-s_finite.o)
                0x080133dc                finite
 .text.__fpclassifyd
                0x080133ec       0x54 c:/program files (x86)/gnu tools arm embedded/4.8 2014q2/bin/../lib/gcc/arm-none-eabi/4.8.4/../../../../arm-none-eabi/lib/armv7e-m/fpu\libm.a(lib_a-s_fpclassify.o)
                0x080133ec                __fpclassifyd
 .text.matherr  0x08013440        0x4 c:/program files (x86)/gnu tools arm embedded/4.8 2014q2/bin/../lib/gcc/arm-none-eabi/4.8.4/../../../../arm-none-eabi/lib/armv7e-m/fpu\libm.a(lib_a-s_matherr.o)
                0x08013440                matherr
 *fill*         0x08013444        0x4 
 .text.nan      0x08013448       0x10 c:/program files (x86)/gnu tools arm embedded/4.8 2014q2/bin/../lib/gcc/arm-none-eabi/4.8.4/../../../../arm-none-eabi/lib/armv7e-m/fpu\libm.a(lib_a-s_nan.o)
                0x08013448                nan
 .text.rint     0x08013458      0x120 c:/program files (x86)/gnu tools arm embedded/4.8 2014q2/bin/../lib/gcc/arm-none-eabi/4.8.4/../../../../arm-none-eabi/lib/armv7e-m/fpu\libm.a(lib_a-s_rint.o)
                0x08013458                rint
 .text.scalbn   0x08013578      0x120 c:/program files (x86)/gnu tools arm embedded/4.8 2014q2/bin/../lib/gcc/arm-none-eabi/4.8.4/../../../../arm-none-eabi/lib/armv7e-m/fpu\libm.a(lib_a-s_scalbn.o)
                0x08013578                scalbn
 .text.__ieee754_log
                0x08013698      0x428 c:/program files (x86)/gnu tools arm embedded/4.8 2014q2/bin/../lib/gcc/arm-none-eabi/4.8.4/../../../../arm-none-eabi/lib/armv7e-m/fpu\libm.a(lib_a-e_log.o)
                0x08013698                __ieee754_log
 .text.copysign
                0x08013ac0       0x24 c:/program files (x86)/gnu tools arm embedded/4.8 2014q2/bin/../lib/gcc/arm-none-eabi/4.8.4/../../../../arm-none-eabi/lib/armv7e-m/fpu\libm.a(lib_a-s_copysign.o)
                0x08013ac0                copysign
 .text          0x08013ae4      0x370 c:/program files (x86)/gnu tools arm embedded/4.8 2014q2/bin/../lib/gcc/arm-none-eabi/4.8.4/armv7e-m/fpu\libgcc.a(_arm_addsubdf3.o)
                0x08013ae4                __aeabi_drsub
                0x08013aec                __aeabi_dsub
                0x08013aec                __subdf3
                0x08013af0                __aeabi_dadd
                0x08013af0                __adddf3
                0x08013d68                __floatunsidf
                0x08013d68                __aeabi_ui2d
                0x08013d88                __floatsidf
                0x08013d88                __aeabi_i2d
                0x08013dac                __aeabi_f2d
                0x08013dac                __extendsfdf2
                0x08013de8                __floatundidf
                0x08013de8                __aeabi_ul2d
                0x08013df8                __floatdidf
                0x08013df8                __aeabi_l2d
 .text          0x08013e54      0x424 c:/program files (x86)/gnu tools arm embedded/4.8 2014q2/bin/../lib/gcc/arm-none-eabi/4.8.4/armv7e-m/fpu\libgcc.a(_arm_muldivdf3.o)
                0x08013e54                __aeabi_dmul
                0x08013e54                __muldf3
                0x080140a8                __divdf3
                0x080140a8                __aeabi_ddiv
 .text          0x08014278      0x110 c:/program files (x86)/gnu tools arm embedded/4.8 2014q2/bin/../lib/gcc/arm-none-eabi/4.8.4/armv7e-m/fpu\libgcc.a(_arm_cmpdf2.o)
                0x08014278                __gtdf2
                0x08014278                __gedf2
                0x08014280                __ltdf2
                0x08014280                __ledf2
                0x08014288                __nedf2
                0x08014288                __eqdf2
                0x08014288                __cmpdf2
                0x08014304                __aeabi_cdrcmple
                0x08014314                __aeabi_cdcmpeq
                0x08014314                __aeabi_cdcmple
                0x08014324                __aeabi_dcmpeq
                0x08014338                __aeabi_dcmplt
                0x0801434c                __aeabi_dcmple
                0x08014360                __aeabi_dcmpge
                0x08014374                __aeabi_dcmpgt
 .text          0x08014388       0x50 c:/program files (x86)/gnu tools arm embedded/4.8 2014q2/bin/../lib/gcc/arm-none-eabi/4.8.4/armv7e-m/fpu\libgcc.a(_arm_fixdfsi.o)
                0x08014388                __aeabi_d2iz
                0x08014388                __fixdfsi
 .text          0x080143d8       0xa0 c:/program files (x86)/gnu tools arm embedded/4.8 2014q2/bin/../lib/gcc/arm-none-eabi/4.8.4/armv7e-m/fpu\libgcc.a(_arm_truncdfsf2.o)
                0x080143d8                __truncdfsf2
                0x080143d8                __aeabi_d2f
 .text          0x08014478      0x21c c:/program files (x86)/gnu tools arm embedded/4.8 2014q2/bin/../lib/gcc/arm-none-eabi/4.8.4/armv7e-m/fpu\libgcc.a(_arm_addsubsf3.o)
                0x08014478                __aeabi_frsub
                0x08014480                __subsf3
                0x08014480                __aeabi_fsub
                0x08014484                __aeabi_fadd
                0x08014484                __addsf3
                0x080145e4                __aeabi_ui2f
                0x080145e4                __floatunsisf
                0x080145ec                __aeabi_i2f
                0x080145ec                __floatsisf
                0x08014608                __aeabi_ul2f
                0x08014608                __floatundisf
                0x08014618                __aeabi_l2f
                0x08014618                __floatdisf
 .text.atoi     0x08014694        0x8 c:/program files (x86)/gnu tools arm embedded/4.8 2014q2/bin/../lib/gcc/arm-none-eabi/4.8.4/../../../../arm-none-eabi/lib/armv7e-m/fpu\libg.a(lib_a-atoi.o)
                0x08014694                atoi
 .text.__errno  0x0801469c        0xc c:/program files (x86)/gnu tools arm embedded/4.8 2014q2/bin/../lib/gcc/arm-none-eabi/4.8.4/../../../../arm-none-eabi/lib/armv7e-m/fpu\libg.a(lib_a-errno.o)
                0x0801469c                __errno
 .text          0x080146a8      0x134 c:/program files (x86)/gnu tools arm embedded/4.8 2014q2/bin/../lib/gcc/arm-none-eabi/4.8.4/../../../../arm-none-eabi/lib/armv7e-m/fpu\libg.a(lib_a-memcpy.o)
                0x080146a8                memcpy
 .text.memset   0x080147dc       0x94 c:/program files (x86)/gnu tools arm embedded/4.8 2014q2/bin/../lib/gcc/arm-none-eabi/4.8.4/../../../../arm-none-eabi/lib/armv7e-m/fpu\libg.a(lib_a-memset.o)
                0x080147dc                memset
 .text._puts_r  0x08014870       0x5c c:/program files (x86)/gnu tools arm embedded/4.8 2014q2/bin/../lib/gcc/arm-none-eabi/4.8.4/../../../../arm-none-eabi/lib/armv7e-m/fpu\libg.a(lib_a-puts.o)
                0x08014870                _puts_r
 .text.puts     0x080148cc       0x10 c:/program files (x86)/gnu tools arm embedded/4.8 2014q2/bin/../lib/gcc/arm-none-eabi/4.8.4/../../../../arm-none-eabi/lib/armv7e-m/fpu\libg.a(lib_a-puts.o)
                0x080148cc                puts
 .text.sprintf  0x080148dc       0x4c c:/program files (x86)/gnu tools arm embedded/4.8 2014q2/bin/../lib/gcc/arm-none-eabi/4.8.4/../../../../arm-none-eabi/lib/armv7e-m/fpu\libg.a(lib_a-sprintf.o)
                0x080148dc                sprintf
 .text          0x08014928      0x21c c:/program files (x86)/gnu tools arm embedded/4.8 2014q2/bin/../lib/gcc/arm-none-eabi/4.8.4/../../../../arm-none-eabi/lib/armv7e-m/fpu\libg.a(lib_a-strcmp.o)
                0x08014928                strcmp
 .text.strcpy   0x08014b44       0xbc c:/program files (x86)/gnu tools arm embedded/4.8 2014q2/bin/../lib/gcc/arm-none-eabi/4.8.4/../../../../arm-none-eabi/lib/armv7e-m/fpu\libg.a(lib_a-strcpy.o)
                0x08014b44                strcpy
 .text.strlen   0x08014c00       0x60 c:/program files (x86)/gnu tools arm embedded/4.8 2014q2/bin/../lib/gcc/arm-none-eabi/4.8.4/../../../../arm-none-eabi/lib/armv7e-m/fpu\libg.a(lib_a-strlen.o)
                0x08014c00                strlen
 .text.strncmp  0x08014c60       0xb4 c:/program files (x86)/gnu tools arm embedded/4.8 2014q2/bin/../lib/gcc/arm-none-eabi/4.8.4/../../../../arm-none-eabi/lib/armv7e-m/fpu\libg.a(lib_a-strncmp.o)
                0x08014c60                strncmp
 .text._strtol_r
                0x08014d14      0x114 c:/program files (x86)/gnu tools arm embedded/4.8 2014q2/bin/../lib/gcc/arm-none-eabi/4.8.4/../../../../arm-none-eabi/lib/armv7e-m/fpu\libg.a(lib_a-strtol.o)
                0x08014d14                _strtol_r
 .text.strtol   0x08014e28       0x18 c:/program files (x86)/gnu tools arm embedded/4.8 2014q2/bin/../lib/gcc/arm-none-eabi/4.8.4/../../../../arm-none-eabi/lib/armv7e-m/fpu\libg.a(lib_a-strtol.o)
                0x08014e28                strtol
 .text._svfprintf_r
                0x08014e40     0x14f0 c:/program files (x86)/gnu tools arm embedded/4.8 2014q2/bin/../lib/gcc/arm-none-eabi/4.8.4/../../../../arm-none-eabi/lib/armv7e-m/fpu\libg.a(lib_a-svfprintf.o)
                0x08014e40                _svfprintf_r
 .text._vsnprintf_r
                0x08016330       0x54 c:/program files (x86)/gnu tools arm embedded/4.8 2014q2/bin/../lib/gcc/arm-none-eabi/4.8.4/../../../../arm-none-eabi/lib/armv7e-m/fpu\libg.a(lib_a-vsnprintf.o)
                0x08016330                _vsnprintf_r
 .text.vsnprintf
                0x08016384       0x20 c:/program files (x86)/gnu tools arm embedded/4.8 2014q2/bin/../lib/gcc/arm-none-eabi/4.8.4/../../../../arm-none-eabi/lib/armv7e-m/fpu\libg.a(lib_a-vsnprintf.o)
                0x08016384                vsnprintf
 .text.__swsetup_r
                0x080163a4       0xc4 c:/program files (x86)/gnu tools arm embedded/4.8 2014q2/bin/../lib/gcc/arm-none-eabi/4.8.4/../../../../arm-none-eabi/lib/armv7e-m/fpu\libg.a(lib_a-wsetup.o)
                0x080163a4                __swsetup_r
 .text.quorem   0x08016468      0x130 c:/program files (x86)/gnu tools arm embedded/4.8 2014q2/bin/../lib/gcc/arm-none-eabi/4.8.4/../../../../arm-none-eabi/lib/armv7e-m/fpu\libg.a(lib_a-dtoa.o)
 .text._dtoa_r  0x08016598      0xe58 c:/program files (x86)/gnu tools arm embedded/4.8 2014q2/bin/../lib/gcc/arm-none-eabi/4.8.4/../../../../arm-none-eabi/lib/armv7e-m/fpu\libg.a(lib_a-dtoa.o)
                0x08016598                _dtoa_r
 .text.__sflush_r
                0x080173f0      0x154 c:/program files (x86)/gnu tools arm embedded/4.8 2014q2/bin/../lib/gcc/arm-none-eabi/4.8.4/../../../../arm-none-eabi/lib/armv7e-m/fpu\libg.a(lib_a-fflush.o)
                0x080173f0                __sflush_r
 .text._fflush_r
                0x08017544       0x2c c:/program files (x86)/gnu tools arm embedded/4.8 2014q2/bin/../lib/gcc/arm-none-eabi/4.8.4/../../../../arm-none-eabi/lib/armv7e-m/fpu\libg.a(lib_a-fflush.o)
                0x08017544                _fflush_r
 .text._cleanup_r
                0x08017570        0xc c:/program files (x86)/gnu tools arm embedded/4.8 2014q2/bin/../lib/gcc/arm-none-eabi/4.8.4/../../../../arm-none-eabi/lib/armv7e-m/fpu\libg.a(lib_a-findfp.o)
                0x08017570                _cleanup_r
 .text.__sinit  0x0801757c       0xf4 c:/program files (x86)/gnu tools arm embedded/4.8 2014q2/bin/../lib/gcc/arm-none-eabi/4.8.4/../../../../arm-none-eabi/lib/armv7e-m/fpu\libg.a(lib_a-findfp.o)
                0x0801757c                __sinit
 .text.__sfp_lock_acquire
                0x08017670        0x4 c:/program files (x86)/gnu tools arm embedded/4.8 2014q2/bin/../lib/gcc/arm-none-eabi/4.8.4/../../../../arm-none-eabi/lib/armv7e-m/fpu\libg.a(lib_a-findfp.o)
                0x08017670                __sfp_lock_acquire
 .text.__sfp_lock_release
                0x08017674        0x4 c:/program files (x86)/gnu tools arm embedded/4.8 2014q2/bin/../lib/gcc/arm-none-eabi/4.8.4/../../../../arm-none-eabi/lib/armv7e-m/fpu\libg.a(lib_a-findfp.o)
                0x08017674                __sfp_lock_release
 .text._malloc_trim_r
                0x08017678       0x9c c:/program files (x86)/gnu tools arm embedded/4.8 2014q2/bin/../lib/gcc/arm-none-eabi/4.8.4/../../../../arm-none-eabi/lib/armv7e-m/fpu\libg.a(lib_a-freer.o)
                0x08017678                _malloc_trim_r
 .text._free_r  0x08017714      0x19c c:/program files (x86)/gnu tools arm embedded/4.8 2014q2/bin/../lib/gcc/arm-none-eabi/4.8.4/../../../../arm-none-eabi/lib/armv7e-m/fpu\libg.a(lib_a-freer.o)
                0x08017714                _free_r
 .text.__sfvwrite_r
                0x080178b0      0x318 c:/program files (x86)/gnu tools arm embedded/4.8 2014q2/bin/../lib/gcc/arm-none-eabi/4.8.4/../../../../arm-none-eabi/lib/armv7e-m/fpu\libg.a(lib_a-fvwrite.o)
                0x080178b0                __sfvwrite_r
 .text._fwalk   0x08017bc8       0x4c c:/program files (x86)/gnu tools arm embedded/4.8 2014q2/bin/../lib/gcc/arm-none-eabi/4.8.4/../../../../arm-none-eabi/lib/armv7e-m/fpu\libg.a(lib_a-fwalk.o)
                0x08017bc8                _fwalk
 .text._localeconv_r
                0x08017c14        0x8 c:/program files (x86)/gnu tools arm embedded/4.8 2014q2/bin/../lib/gcc/arm-none-eabi/4.8.4/../../../../arm-none-eabi/lib/armv7e-m/fpu\libg.a(lib_a-locale.o)
                0x08017c14                _localeconv_r
 .text.__smakebuf_r
                0x08017c1c       0xe0 c:/program files (x86)/gnu tools arm embedded/4.8 2014q2/bin/../lib/gcc/arm-none-eabi/4.8.4/../../../../arm-none-eabi/lib/armv7e-m/fpu\libg.a(lib_a-makebuf.o)
                0x08017c1c                __smakebuf_r
 .text._malloc_r
                0x08017cfc      0x538 c:/program files (x86)/gnu tools arm embedded/4.8 2014q2/bin/../lib/gcc/arm-none-eabi/4.8.4/../../../../arm-none-eabi/lib/armv7e-m/fpu\libg.a(lib_a-mallocr.o)
                0x08017cfc                _malloc_r
 .text.memchr   0x08018234       0x90 c:/program files (x86)/gnu tools arm embedded/4.8 2014q2/bin/../lib/gcc/arm-none-eabi/4.8.4/../../../../arm-none-eabi/lib/armv7e-m/fpu\libg.a(lib_a-memchr-stub.o)
                0x08018234                memchr
 .text.memmove  0x080182c4       0xc0 c:/program files (x86)/gnu tools arm embedded/4.8 2014q2/bin/../lib/gcc/arm-none-eabi/4.8.4/../../../../arm-none-eabi/lib/armv7e-m/fpu\libg.a(lib_a-memmove.o)
                0x080182c4                memmove
 .text.__malloc_lock
                0x08018384        0x4 c:/program files (x86)/gnu tools arm embedded/4.8 2014q2/bin/../lib/gcc/arm-none-eabi/4.8.4/../../../../arm-none-eabi/lib/armv7e-m/fpu\libg.a(lib_a-mlock.o)
                0x08018384                __malloc_lock
 .text.__malloc_unlock
                0x08018388        0x4 c:/program files (x86)/gnu tools arm embedded/4.8 2014q2/bin/../lib/gcc/arm-none-eabi/4.8.4/../../../../arm-none-eabi/lib/armv7e-m/fpu\libg.a(lib_a-mlock.o)
                0x08018388                __malloc_unlock
 .text._Balloc  0x0801838c       0x4c c:/program files (x86)/gnu tools arm embedded/4.8 2014q2/bin/../lib/gcc/arm-none-eabi/4.8.4/../../../../arm-none-eabi/lib/armv7e-m/fpu\libg.a(lib_a-mprec.o)
                0x0801838c                _Balloc
 .text._Bfree   0x080183d8       0x14 c:/program files (x86)/gnu tools arm embedded/4.8 2014q2/bin/../lib/gcc/arm-none-eabi/4.8.4/../../../../arm-none-eabi/lib/armv7e-m/fpu\libg.a(lib_a-mprec.o)
                0x080183d8                _Bfree
 .text.__multadd
                0x080183ec       0x98 c:/program files (x86)/gnu tools arm embedded/4.8 2014q2/bin/../lib/gcc/arm-none-eabi/4.8.4/../../../../arm-none-eabi/lib/armv7e-m/fpu\libg.a(lib_a-mprec.o)
                0x080183ec                __multadd
 .text.__hi0bits
                0x08018484       0x40 c:/program files (x86)/gnu tools arm embedded/4.8 2014q2/bin/../lib/gcc/arm-none-eabi/4.8.4/../../../../arm-none-eabi/lib/armv7e-m/fpu\libg.a(lib_a-mprec.o)
                0x08018484                __hi0bits
 .text.__lo0bits
                0x080184c4       0x5c c:/program files (x86)/gnu tools arm embedded/4.8 2014q2/bin/../lib/gcc/arm-none-eabi/4.8.4/../../../../arm-none-eabi/lib/armv7e-m/fpu\libg.a(lib_a-mprec.o)
                0x080184c4                __lo0bits
 .text.__i2b    0x08018520       0x14 c:/program files (x86)/gnu tools arm embedded/4.8 2014q2/bin/../lib/gcc/arm-none-eabi/4.8.4/../../../../arm-none-eabi/lib/armv7e-m/fpu\libg.a(lib_a-mprec.o)
                0x08018520                __i2b
 .text.__multiply
                0x08018534      0x13c c:/program files (x86)/gnu tools arm embedded/4.8 2014q2/bin/../lib/gcc/arm-none-eabi/4.8.4/../../../../arm-none-eabi/lib/armv7e-m/fpu\libg.a(lib_a-mprec.o)
                0x08018534                __multiply
 .text.__pow5mult
                0x08018670       0x9c c:/program files (x86)/gnu tools arm embedded/4.8 2014q2/bin/../lib/gcc/arm-none-eabi/4.8.4/../../../../arm-none-eabi/lib/armv7e-m/fpu\libg.a(lib_a-mprec.o)
                0x08018670                __pow5mult
 .text.__lshift
                0x0801870c       0xbc c:/program files (x86)/gnu tools arm embedded/4.8 2014q2/bin/../lib/gcc/arm-none-eabi/4.8.4/../../../../arm-none-eabi/lib/armv7e-m/fpu\libg.a(lib_a-mprec.o)
                0x0801870c                __lshift
 .text.__mcmp   0x080187c8       0x48 c:/program files (x86)/gnu tools arm embedded/4.8 2014q2/bin/../lib/gcc/arm-none-eabi/4.8.4/../../../../arm-none-eabi/lib/armv7e-m/fpu\libg.a(lib_a-mprec.o)
                0x080187c8                __mcmp
 .text.__mdiff  0x08018810       0xd4 c:/program files (x86)/gnu tools arm embedded/4.8 2014q2/bin/../lib/gcc/arm-none-eabi/4.8.4/../../../../arm-none-eabi/lib/armv7e-m/fpu\libg.a(lib_a-mprec.o)
                0x08018810                __mdiff
 .text.__d2b    0x080188e4       0xb4 c:/program files (x86)/gnu tools arm embedded/4.8 2014q2/bin/../lib/gcc/arm-none-eabi/4.8.4/../../../../arm-none-eabi/lib/armv7e-m/fpu\libg.a(lib_a-mprec.o)
                0x080188e4                __d2b
 .text._realloc_r
                0x08018998      0x3cc c:/program files (x86)/gnu tools arm embedded/4.8 2014q2/bin/../lib/gcc/arm-none-eabi/4.8.4/../../../../arm-none-eabi/lib/armv7e-m/fpu\libg.a(lib_a-reallocr.o)
                0x08018998                _realloc_r
 .text._sbrk_r  0x08018d64       0x24 c:/program files (x86)/gnu tools arm embedded/4.8 2014q2/bin/../lib/gcc/arm-none-eabi/4.8.4/../../../../arm-none-eabi/lib/armv7e-m/fpu\libg.a(lib_a-sbrkr.o)
                0x08018d64                _sbrk_r
 .text.__sread  0x08018d88       0x24 c:/program files (x86)/gnu tools arm embedded/4.8 2014q2/bin/../lib/gcc/arm-none-eabi/4.8.4/../../../../arm-none-eabi/lib/armv7e-m/fpu\libg.a(lib_a-stdio.o)
                0x08018d88                __sread
 .text.__swrite
                0x08018dac       0x38 c:/program files (x86)/gnu tools arm embedded/4.8 2014q2/bin/../lib/gcc/arm-none-eabi/4.8.4/../../../../arm-none-eabi/lib/armv7e-m/fpu\libg.a(lib_a-stdio.o)
                0x08018dac                __swrite
 .text.__sseek  0x08018de4       0x20 c:/program files (x86)/gnu tools arm embedded/4.8 2014q2/bin/../lib/gcc/arm-none-eabi/4.8.4/../../../../arm-none-eabi/lib/armv7e-m/fpu\libg.a(lib_a-stdio.o)
                0x08018de4                __sseek
 .text.__sclose
                0x08018e04        0x8 c:/program files (x86)/gnu tools arm embedded/4.8 2014q2/bin/../lib/gcc/arm-none-eabi/4.8.4/../../../../arm-none-eabi/lib/armv7e-m/fpu\libg.a(lib_a-stdio.o)
                0x08018e04                __sclose
 .text.__ssprint_r
                0x08018e0c      0x100 c:/program files (x86)/gnu tools arm embedded/4.8 2014q2/bin/../lib/gcc/arm-none-eabi/4.8.4/../../../../arm-none-eabi/lib/armv7e-m/fpu\libg.a(lib_a-svfiprintf.o)
                0x08018e0c                __ssprint_r
 .text._write_r
                0x08018f0c       0x28 c:/program files (x86)/gnu tools arm embedded/4.8 2014q2/bin/../lib/gcc/arm-none-eabi/4.8.4/../../../../arm-none-eabi/lib/armv7e-m/fpu\libg.a(lib_a-writer.o)
                0x08018f0c                _write_r
 .text._calloc_r
                0x08018f34       0x60 c:/program files (x86)/gnu tools arm embedded/4.8 2014q2/bin/../lib/gcc/arm-none-eabi/4.8.4/../../../../arm-none-eabi/lib/armv7e-m/fpu\libg.a(lib_a-callocr.o)
                0x08018f34                _calloc_r
 .text._close_r
                0x08018f94       0x24 c:/program files (x86)/gnu tools arm embedded/4.8 2014q2/bin/../lib/gcc/arm-none-eabi/4.8.4/../../../../arm-none-eabi/lib/armv7e-m/fpu\libg.a(lib_a-closer.o)
                0x08018f94                _close_r
 .text._fclose_r
                0x08018fb8       0x80 c:/program files (x86)/gnu tools arm embedded/4.8 2014q2/bin/../lib/gcc/arm-none-eabi/4.8.4/../../../../arm-none-eabi/lib/armv7e-m/fpu\libg.a(lib_a-fclose.o)
                0x08018fb8                _fclose_r
 .text.fclose   0x08019038       0x10 c:/program files (x86)/gnu tools arm embedded/4.8 2014q2/bin/../lib/gcc/arm-none-eabi/4.8.4/../../../../arm-none-eabi/lib/armv7e-m/fpu\libg.a(lib_a-fclose.o)
                0x08019038                fclose
 .text._fstat_r
                0x08019048       0x28 c:/program files (x86)/gnu tools arm embedded/4.8 2014q2/bin/../lib/gcc/arm-none-eabi/4.8.4/../../../../arm-none-eabi/lib/armv7e-m/fpu\libg.a(lib_a-fstatr.o)
                0x08019048                _fstat_r
 .text._isatty_r
                0x08019070       0x24 c:/program files (x86)/gnu tools arm embedded/4.8 2014q2/bin/../lib/gcc/arm-none-eabi/4.8.4/../../../../arm-none-eabi/lib/armv7e-m/fpu\libg.a(lib_a-isattyr.o)
                0x08019070                _isatty_r
 .text._lseek_r
                0x08019094       0x28 c:/program files (x86)/gnu tools arm embedded/4.8 2014q2/bin/../lib/gcc/arm-none-eabi/4.8.4/../../../../arm-none-eabi/lib/armv7e-m/fpu\libg.a(lib_a-lseekr.o)
                0x08019094                _lseek_r
 .text._read_r  0x080190bc       0x28 c:/program files (x86)/gnu tools arm embedded/4.8 2014q2/bin/../lib/gcc/arm-none-eabi/4.8.4/../../../../arm-none-eabi/lib/armv7e-m/fpu\libg.a(lib_a-readr.o)
                0x080190bc                _read_r
 .text          0x080190e4       0x2c c:/program files (x86)/gnu tools arm embedded/4.8 2014q2/bin/../lib/gcc/arm-none-eabi/4.8.4/armv7e-m/fpu\libgcc.a(_aeabi_uldivmod.o)
                0x080190e4                __aeabi_uldivmod
 .text          0x08019110       0x60 c:/program files (x86)/gnu tools arm embedded/4.8 2014q2/bin/../lib/gcc/arm-none-eabi/4.8.4/armv7e-m/fpu\libgcc.a(bpabi.o)
                0x08019110                __gnu_ldivmod_helper
                0x08019140                __gnu_uldivmod_helper
 .text          0x08019170        0x4 c:/program files (x86)/gnu tools arm embedded/4.8 2014q2/bin/../lib/gcc/arm-none-eabi/4.8.4/armv7e-m/fpu\libgcc.a(_dvmd_tls.o)
                0x08019170                __aeabi_idiv0
                0x08019170                __aeabi_ldiv0
 .text          0x08019174      0x298 c:/program files (x86)/gnu tools arm embedded/4.8 2014q2/bin/../lib/gcc/arm-none-eabi/4.8.4/armv7e-m/fpu\libgcc.a(_divdi3.o)
                0x08019174                __divdi3
 .text          0x0801940c      0x284 c:/program files (x86)/gnu tools arm embedded/4.8 2014q2/bin/../lib/gcc/arm-none-eabi/4.8.4/armv7e-m/fpu\libgcc.a(_udivdi3.o)
                0x0801940c                __udivdi3
 *(.init)
 *(.fini)
 *crtbegin.o(.ctors)
 *crtbegin?.o(.ctors)
 *(EXCLUDE_FILE(*crtend.o *crtend?.o) .ctors)
 *(SORT(.ctors.*))
 *(.ctors)
 *crtbegin.o(.dtors)
 *crtbegin?.o(.dtors)
 *(EXCLUDE_FILE(*crtend.o *crtend?.o) .dtors)
 *(SORT(.dtors.*))
 *(.dtors)
 *(.rodata*)
 .rodata        0x08019690       0x38 ..\obj\socket.o
                0x08019690                _SlPayloadByProtocolLUT
                0x080196a0                _SlSockSocketCmdCtrl
                0x080196a4                _SlSockCloseCmdCtrl
                0x080196a8                _SlRecvfomCmdCtrl
                0x080196ac                _SlSendCmdCtrl
                0x080196b0                _SlListenCmdCtrl
                0x080196b4                _SlAcceptCmdCtrl
                0x080196b8                _SlRecvCmdCtrl
                0x080196bc                _SlSetSockOptCmdCtrl
                0x080196c0                _SlGetSockOptCmdCtrl
                0x080196c4                _SlSelectCmdCtrl
 .rodata        0x080196c8       0xfc ..\obj\i2c.o
 .rodata        0x080197c4       0x28 ..\obj\netapp.o
                0x080197c4                _SlNetAppStartCtrl
                0x080197c8                _SlNetAppStopCtrl
                0x080197cc                _SlGetServiceListeCtrl
                0x080197d0                _SlRegisterServiceCtrl
                0x080197d4                _SlGetHostByServiceCtrl
                0x080197d8                _SlGetHostByNameCtrl
                0x080197e0                _SlNetAppSetCmdCtrl
                0x080197e4                _SlNetAppSendTokenValueCmdCtrl
                0x080197e8                _SlNetAppGetCmdCtrl
 .rodata        0x080197ec      0x1b0 ..\obj\interrupts.o
 .rodata        0x0801999c       0xa4 ..\obj\driver.o
                0x0801999c                g_H2NSyncPattern
                0x080199a4                g_H2NCnysPattern
                0x080199ac                _SlActionLookupTable
                0x080199e4                OpcodeTranslateTable
                0x08019a20                RxMsgClassLUT
 .rodata        0x08019a40     0x2fd0 ..\obj\CC3100.o
                0x08019a40                servicepack_ucf
                0x0801c1b4                servicePackImageSig
                0x0801c2b4                SSID_STA_MODE
                0x0801c2d4                PASSWORD_STA_MODE